     VMA      LMA     Size Align Out     In      Symbol
40000000 40000000      458     4 .ram_vectors
40000000 40000000        0     1         __ram_vectors_vma = .
40000000 40000000      458     4         /home/simonli/ohos-sig-0505/device/allwinner/v3s/out/v3s/obj/kernel/liteos_a//lib/libcortex-a7.a(reset_vector_up.o):(.vectors)
40000000 40000000        0     1                 $a.0
40000000 40000000        0     1                 __exception_handlers
40000020 40000020        0     1                 reset_vector
40000080 40000080        0     1                 reloc_img_to_bottom_loop
4000009c 4000009c        0     1                 reloc_img_to_bottom_done
40000160 40000160        0     1                 excstatck_loop
400001cc 400001cc        0     1                 excstatck_loop_done
400001cc 400001cc        0     1                 warm_reset
4000026c 4000026c        0     1                 clear_bss
40000288 40000288        0     1                 _start_hang
4000028c 4000028c        0     1                 mmu_setup
400002f8 400002f8        0     1                 reset_platform
40000300 40000300        0     1                 cpu_start
40000308 40000308        0     1                 sp_set
40000318 40000318        0     1                 page_table_build
40000338 40000338        0     1                 page_table_build_loop
40000354 40000354        0     1                 stack_init
4000035c 4000035c        0     1                 stack_init_loop
4000037c 4000037c        0     1                 $d.1
4000037c 4000037c        0     1                 pa_va_offset
40000380 40000380        0     1                 $a.2
40000380 40000380        0     1                 excstack_magic
40000384 40000384        0     1                 excstack_magic_loop
4000039c 4000039c        0     1                 _bootaddr_setup
400003c0 400003c0        0     1                 memset_optimized
400003d4 400003d4        0     1                 memset_optimized_loop
400003e4 400003e4        0     1                 $d.3
400003e4 400003e4        0     1                 init_done
40000458 40000458        0     1 __ram_vectors_lma = LOADADDR ( .ram_vectors )
40000458 40000458        0     1 USER_INIT_VM_START = 0x1000000
40000458 40000458        0     1 _start = .
40000458 40000458        0     1 .set_sysinit_set
40000458 40000458        0     1         __start_set_sysinit_set = ABSOLUTE ( . )
40000458 40000458        0     1         __stop_set_sysinit_set = ABSOLUTE ( . )
40000458 40000458        8     4 .got
40000458 40000458        8     4         <internal>:(.got)
40000460 40000460        0     4 .ctors
40000460 40000460        0     1         __ctor_list__ = .
40000460 40000460        0     1         __ctor_end__ = .
40000460 40000460        0     4 .dtors
40000460 40000460        0     1         __dtor_list__ = .
40000460 40000460        0     1         __dtor_end__ = .
40000460 40000460        0     1 .gcc_except_table
40000460 40000460        0     1         . = .
40000460 40000460       3c     4 .ARM.extab
40000460 40000460        c     4         /home/simonli/llvm/bin/..//lib/clang/9.0.0/lib/arm-liteos/a7_softfp_neon-vfpv4/libunwind.a(Unwind-EHABI.cpp.o):(.ARM.extab.text.__aeabi_unwind_cpp_pr0)
4000046c 4000046c        c     4         /home/simonli/llvm/bin/..//lib/clang/9.0.0/lib/arm-liteos/a7_softfp_neon-vfpv4/libunwind.a(Unwind-EHABI.cpp.o):(.ARM.extab.text.__aeabi_unwind_cpp_pr1)
40000478 40000478        c     4         /home/simonli/llvm/bin/..//lib/clang/9.0.0/lib/arm-liteos/a7_softfp_neon-vfpv4/libunwind.a(libunwind.cpp.o):(.ARM.extab.text.logAPIs)
40000484 40000484        c     4         /home/simonli/llvm/bin/..//lib/clang/9.0.0/lib/arm-liteos/a7_softfp_neon-vfpv4/libunwind.a(libunwind.cpp.o):(.ARM.extab.text.__unw_step)
40000490 40000490        c     4         /home/simonli/llvm/bin/..//lib/clang/9.0.0/lib/arm-liteos/a7_softfp_neon-vfpv4/libunwind.a(libunwind.cpp.o):(.ARM.extab.text.__unw_get_proc_info)
400004a0 400004a0        0     1 .ARM.exidx
400004a0 400004a0        0     1         __exidx_start = .
400004a0 400004a0        0     1         __exidx_end = .
400004a0 400004a0       9c     4 .eh_frame
400004a0 400004a0       28     1         /home/simonli/ohos-sig-0505/device/allwinner/v3s/out/v3s/obj/kernel/liteos_a//lib/libc.a(memcpy.o):(.eh_frame+0x0)
400004c8 400004c8       14     1         /home/simonli/ohos-sig-0505/device/allwinner/v3s/out/v3s/obj/kernel/liteos_a//lib/libc.a(strlen.o):(.eh_frame+0x14)
400004dc 400004dc       5c     1         /home/simonli/ohos-sig-0505/device/allwinner/v3s/out/v3s/obj/kernel/liteos_a//lib/libc.a(strcmp.o):(.eh_frame+0x14)
40001000 40001000    87044  4096 .text
40001000 40001000        0     1         __text_start = .
40001000 40001000       48     4         /home/simonli/ohos-sig-0505/device/allwinner/v3s/out/v3s/obj/kernel/liteos_a//lib/libbase.a(los_sys.o):(.text.LOS_TickCountGet)
40001000 40001000        0     1                 $a.0
40001000 40001000       48     1                 LOS_TickCountGet
40001044 40001044        0     1                 $d.1
40001048 40001048        4     4         /home/simonli/ohos-sig-0505/device/allwinner/v3s/out/v3s/obj/kernel/liteos_a//lib/libbase.a(los_sys.o):(.text.LOS_MS2Tick)
40001048 40001048        0     1                 $a.4
40001048 40001048        4     1                 LOS_MS2Tick
4000104c 4000104c       34     4         /home/simonli/ohos-sig-0505/device/allwinner/v3s/out/v3s/obj/kernel/liteos_a//lib/libbase.a(los_sys.o):(.text.OsUS2Tick)
4000104c 4000104c        0     1                 $a.6
4000104c 4000104c       34     1                 OsUS2Tick
40001080 40001080        c     4         /home/simonli/ohos-sig-0505/device/allwinner/v3s/out/v3s/obj/kernel/liteos_a//lib/libcortex-a7.a(arm_generic_timer.o):(.text.HalClockFreqWrite)
40001080 40001080        0     1                 $a.1
40001080 40001080        c     1                 HalClockFreqWrite
4000108c 4000108c        8     4         /home/simonli/ohos-sig-0505/device/allwinner/v3s/out/v3s/obj/kernel/liteos_a//lib/libcortex-a7.a(arm_generic_timer.o):(.text.HalClockGetCycles)
4000108c 4000108c        0     1                 $a.2
4000108c 4000108c        8     1                 HalClockGetCycles
40001094 40001094       74     4         /home/simonli/ohos-sig-0505/device/allwinner/v3s/out/v3s/obj/kernel/liteos_a//lib/libcortex-a7.a(arm_generic_timer.o):(.text.HalClockInit)
40001094 40001094        0     1                 $a.3
40001094 40001094       74     1                 HalClockInit
400010f8 400010f8        0     1                 $d.4
40001108 40001108       48     4         /home/simonli/ohos-sig-0505/device/allwinner/v3s/out/v3s/obj/kernel/liteos_a//lib/libcortex-a7.a(arm_generic_timer.o):(.text.HalClockStart)
40001108 40001108        0     1                 $a.5
40001108 40001108       48     1                 HalClockStart
40001150 40001150       4c     4         /home/simonli/ohos-sig-0505/device/allwinner/v3s/out/v3s/obj/kernel/liteos_a//lib/libcortex-a7.a(arm_generic_timer.o):(.text.HalDelayUs)
40001150 40001150        0     1                 $a.6
40001150 40001150       4c     1                 HalDelayUs
40001198 40001198        0     1                 $d.7
4000119c 4000119c       58     4         /home/simonli/ohos-sig-0505/device/allwinner/v3s/out/v3s/obj/kernel/liteos_a//lib/libcortex-a7.a(arm_generic_timer.o):(.text.HalClockTickTimerReload)
4000119c 4000119c        0     1                 $a.10
4000119c 4000119c       58     1                 HalClockTickTimerReload
400011f4 400011f4       28     4         /home/simonli/ohos-sig-0505/device/allwinner/v3s/out/v3s/obj/kernel/liteos_a//lib/libgic.a(gic_v2.o):(.text.HalIrqMask)
400011f4 400011f4        0     1                 $a.2
400011f4 400011f4       28     1                 HalIrqMask
40001218 40001218        0     1                 $d.3
4000121c 4000121c       28     4         /home/simonli/ohos-sig-0505/device/allwinner/v3s/out/v3s/obj/kernel/liteos_a//lib/libgic.a(gic_v2.o):(.text.HalIrqUnmask)
4000121c 4000121c        0     1                 $a.4
4000121c 4000121c       28     1                 HalIrqUnmask
40001240 40001240        0     1                 $d.5
40001244 40001244       10     4         /home/simonli/ohos-sig-0505/device/allwinner/v3s/out/v3s/obj/kernel/liteos_a//lib/libgic.a(gic_v2.o):(.text.HalIrqClear)
40001244 40001244        0     1                 $a.8
40001244 40001244       10     1                 HalIrqClear
40001250 40001250        0     1                 $d.9
40001254 40001254       bc     4         /home/simonli/ohos-sig-0505/device/allwinner/v3s/out/v3s/obj/kernel/liteos_a//lib/libgic.a(gic_v2.o):(.text.HalIrqInit)
40001254 40001254        0     1                 $a.12
40001254 40001254       bc     1                 HalIrqInit
400012fc 400012fc        0     1                 $d.13
40001310 40001310       3c     4         /home/simonli/ohos-sig-0505/device/allwinner/v3s/out/v3s/obj/kernel/liteos_a//lib/libgic.a(gic_v2.o):(.text.HalIrqHandler)
40001310 40001310        0     1                 $a.14
40001310 40001310       3c     1                 HalIrqHandler
40001344 40001344        0     1                 $d.15
4000134c 4000134c       40     4         /home/simonli/ohos-sig-0505/device/allwinner/v3s/out/v3s/obj/kernel/liteos_a//lib/libgic.a(gic_v2.o):(.text.HalIrqVersion)
4000134c 4000134c        0     1                 $a.16
4000134c 4000134c       40     1                 HalIrqVersion
4000137c 4000137c        0     1                 $d.17
4000138c 4000138c       10     4         /home/simonli/ohos-sig-0505/device/allwinner/v3s/out/v3s/obj/kernel/liteos_a//lib/libcortex-a7.a(los_hwi.o):(.text.OsGetHwiFormCnt)
4000138c 4000138c        0     1                 $a.2
4000138c 4000138c       10     1                 OsGetHwiFormCnt
40001398 40001398        0     1                 $d.3
4000139c 4000139c       10     4         /home/simonli/ohos-sig-0505/device/allwinner/v3s/out/v3s/obj/kernel/liteos_a//lib/libcortex-a7.a(los_hwi.o):(.text.OsGetHwiFormName)
4000139c 4000139c        0     1                 $a.4
4000139c 4000139c       10     1                 OsGetHwiFormName
400013a8 400013a8        0     1                 $d.5
400013ac 400013ac       c4     4         /home/simonli/ohos-sig-0505/device/allwinner/v3s/out/v3s/obj/kernel/liteos_a//lib/libcortex-a7.a(los_hwi.o):(.text.OsInterrupt)
400013ac 400013ac        0     1                 $a.7
400013ac 400013ac       c4     1                 OsInterrupt
40001464 40001464        0     1                 $d.8
40001470 40001470       58     4         /home/simonli/ohos-sig-0505/device/allwinner/v3s/out/v3s/obj/kernel/liteos_a//lib/libcortex-a7.a(los_hwi.o):(.text.OsHwiInit)
40001470 40001470        0     1                 $a.9
40001470 40001470       58     1                 OsHwiInit
400014c0 400014c0        0     1                 $d.10
400014c8 400014c8      1d0     4         /home/simonli/ohos-sig-0505/device/allwinner/v3s/out/v3s/obj/kernel/liteos_a//lib/libcortex-a7.a(los_hwi.o):(.text.LOS_HwiCreate)
400014c8 400014c8        0     1                 $a.11
400014c8 400014c8      1d0     1                 LOS_HwiCreate
4000168c 4000168c        0     1                 $d.12
40001698 40001698       3c     4         /home/simonli/ohos-sig-0505/device/allwinner/v3s/out/v3s/obj/kernel/liteos_a//lib/libcortex-a7.a(los_hwi.o):(.text.OsGerCurrSchedTimeCycle)
40001698 40001698        0     1                 $a.15
40001698 40001698       3c     1                 OsGerCurrSchedTimeCycle
400016d0 400016d0        0     1                 $d.16
400016d4 400016d4       3c     4         /home/simonli/ohos-sig-0505/device/allwinner/v3s/out/v3s/obj/kernel/liteos_a//lib/libbase.a(los_memory.o):(.text.OsMemLargeNodeFree)
400016d4 400016d4        0     1                 $a.0
400016d4 400016d4       3c     1                 OsMemLargeNodeFree
40001710 40001710       8c     4         /home/simonli/ohos-sig-0505/device/allwinner/v3s/out/v3s/obj/kernel/liteos_a//lib/libbase.a(los_memory.o):(.text.LOS_MemInit)
40001710 40001710        0     1                 $a.2
40001710 40001710       8c     1                 LOS_MemInit
40001798 40001798        0     1                 $d.3
4000179c 4000179c       54     4         /home/simonli/ohos-sig-0505/device/allwinner/v3s/out/v3s/obj/kernel/liteos_a//lib/libbase.a(los_memory.o):(.text.LOS_MemAlloc)
4000179c 4000179c        0     1                 $a.4
4000179c 4000179c       54     1                 LOS_MemAlloc
400017f0 400017f0      428     4         /home/simonli/ohos-sig-0505/device/allwinner/v3s/out/v3s/obj/kernel/liteos_a//lib/libbase.a(los_memory.o):(.text.OsMemAlloc)
400017f0 400017f0        0     1                 $a.5
400017f0 400017f0      428     1                 OsMemAlloc
40001bec 40001bec        0     1                 $d.6
40001c18 40001c18       f8     4         /home/simonli/ohos-sig-0505/device/allwinner/v3s/out/v3s/obj/kernel/liteos_a//lib/libbase.a(los_memory.o):(.text.LOS_MemAllocAlign)
40001c18 40001c18        0     1                 $a.7
40001c18 40001c18       f8     1                 LOS_MemAllocAlign
40001d00 40001d00        0     1                 $d.8
40001d10 40001d10       bc     4         /home/simonli/ohos-sig-0505/device/allwinner/v3s/out/v3s/obj/kernel/liteos_a//lib/libbase.a(los_memory.o):(.text.LOS_MemFree)
40001d10 40001d10        0     1                 $a.9
40001d10 40001d10       bc     1                 LOS_MemFree
40001dc0 40001dc0        0     1                 $d.10
40001dcc 40001dcc      1c4     4         /home/simonli/ohos-sig-0505/device/allwinner/v3s/out/v3s/obj/kernel/liteos_a//lib/libbase.a(los_memory.o):(.text.OsMemFree)
40001dcc 40001dcc        0     1                 $a.11
40001dcc 40001dcc      1c4     1                 OsMemFree
40001f78 40001f78        0     1                 $d.12
40001f90 40001f90      220     4         /home/simonli/ohos-sig-0505/device/allwinner/v3s/out/v3s/obj/kernel/liteos_a//lib/libbase.a(los_memory.o):(.text.LOS_MemRealloc)
40001f90 40001f90        0     1                 $a.13
40001f90 40001f90      220     1                 LOS_MemRealloc
400021a8 400021a8        0     1                 $d.14
400021b0 400021b0       fc     4         /home/simonli/ohos-sig-0505/device/allwinner/v3s/out/v3s/obj/kernel/liteos_a//lib/libbase.a(los_memory.o):(.text.OsMemCheckUsedNode)
400021b0 400021b0        0     1                 $a.15
400021b0 400021b0       fc     1                 OsMemCheckUsedNode
400022ac 400022ac       4c     4         /home/simonli/ohos-sig-0505/device/allwinner/v3s/out/v3s/obj/kernel/liteos_a//lib/libbase.a(los_memory.o):(.text.LOS_MemPoolSizeGet)
400022ac 400022ac        0     1                 $a.16
400022ac 400022ac       4c     1                 LOS_MemPoolSizeGet
400022f8 400022f8       7c     4         /home/simonli/ohos-sig-0505/device/allwinner/v3s/out/v3s/obj/kernel/liteos_a//lib/libbase.a(los_memory.o):(.text.OsMemIsLastSentinelNode)
400022f8 400022f8        0     1                 $a.17
400022f8 400022f8       7c     1                 OsMemIsLastSentinelNode
40002368 40002368        0     1                 $d.18
40002374 40002374       8c     4         /home/simonli/ohos-sig-0505/device/allwinner/v3s/out/v3s/obj/kernel/liteos_a//lib/libbase.a(los_memory.o):(.text.LOS_MemTotalUsedGet)
40002374 40002374        0     1                 $a.19
40002374 40002374       8c     1                 LOS_MemTotalUsedGet
40002400 40002400      33c     4         /home/simonli/ohos-sig-0505/device/allwinner/v3s/out/v3s/obj/kernel/liteos_a//lib/libbase.a(los_memory.o):(.text.LOS_MemIntegrityCheck)
40002400 40002400        0     1                 $a.20
40002400 40002400      33c     1                 LOS_MemIntegrityCheck
40002710 40002710        0     1                 $d.21
4000273c 4000273c       38     4         /home/simonli/ohos-sig-0505/device/allwinner/v3s/out/v3s/obj/kernel/liteos_a//lib/libbase.a(los_memory.o):(.text.OsMemIntegrityCheckError)
4000273c 4000273c        0     1                 $a.22
4000273c 4000273c       38     1                 OsMemIntegrityCheckError
40002770 40002770        0     1                 $d.23
40002774 40002774      150     4         /home/simonli/ohos-sig-0505/device/allwinner/v3s/out/v3s/obj/kernel/liteos_a//lib/libbase.a(los_memory.o):(.text.LOS_MemInfoGet)
40002774 40002774        0     1                 $a.24
40002774 40002774      150     1                 LOS_MemInfoGet
400028b8 400028b8        0     1                 $d.25
400028c4 400028c4       d4     4         /home/simonli/ohos-sig-0505/device/allwinner/v3s/out/v3s/obj/kernel/liteos_a//lib/libbase.a(los_memory.o):(.text.OsKHeapInit)
400028c4 400028c4        0     1                 $a.28
400028c4 400028c4       d4     1                 OsKHeapInit
40002980 40002980        0     1                 $d.29
40002998 40002998       8c     4         /home/simonli/ohos-sig-0505/device/allwinner/v3s/out/v3s/obj/kernel/liteos_a//lib/libbase.a(los_memory.o):(.text.OsMemIsHeapNode)
40002998 40002998        0     1                 $a.30
40002998 40002998       8c     1                 OsMemIsHeapNode
40002a20 40002a20        0     1                 $d.31
40002a24 40002a24       7c     4         /home/simonli/ohos-sig-0505/device/allwinner/v3s/out/v3s/obj/kernel/liteos_a//lib/libbase.a(los_memory.o):(.text.OsMemFreeNodeAdd)
40002a24 40002a24        0     1                 $a.32
40002a24 40002a24       7c     1                 OsMemFreeNodeAdd
40002a98 40002a98        0     1                 $d.33
40002aa0 40002aa0       50     4         /home/simonli/ohos-sig-0505/device/allwinner/v3s/out/v3s/obj/kernel/liteos_a//lib/libbase.a(los_memory.o):(.text.OsMemSentinelNodeSet)
40002aa0 40002aa0        0     1                 $a.34
40002aa0 40002aa0       50     1                 OsMemSentinelNodeSet
40002af0 40002af0       30     4         /home/simonli/ohos-sig-0505/device/allwinner/v3s/out/v3s/obj/kernel/liteos_a//lib/libbase.a(los_memory.o):(.text.OsMemFreeListIndexGet)
40002af0 40002af0        0     1                 $a.35
40002af0 40002af0       30     1                 OsMemFreeListIndexGet
40002b20 40002b20       6c     4         /home/simonli/ohos-sig-0505/device/allwinner/v3s/out/v3s/obj/kernel/liteos_a//lib/libbase.a(los_memory.o):(.text.OsMemSplitNode)
40002b20 40002b20        0     1                 $a.36
40002b20 40002b20       6c     1                 OsMemSplitNode
40002b8c 40002b8c       80     4         /home/simonli/ohos-sig-0505/device/allwinner/v3s/out/v3s/obj/kernel/liteos_a//lib/libbase.a(los_memory.o):(.text.OsMemListDelete)
40002b8c 40002b8c        0     1                 $a.37
40002b8c 40002b8c       80     1                 OsMemListDelete
40002c08 40002c08        0     1                 $d.38
40002c0c 40002c0c       40     4         /home/simonli/ohos-sig-0505/device/allwinner/v3s/out/v3s/obj/kernel/liteos_a//lib/libbase.a(los_memory.o):(.text.OsMemFreeNodeDelete)
40002c0c 40002c0c        0     1                 $a.39
40002c0c 40002c0c       40     1                 OsMemFreeNodeDelete
40002c48 40002c48        0     1                 $d.40
40002c4c 40002c4c       2c     4         /home/simonli/ohos-sig-0505/device/allwinner/v3s/out/v3s/obj/kernel/liteos_a//lib/libbase.a(los_memory.o):(.text.OsMemMergeNode)
40002c4c 40002c4c        0     1                 $a.41
40002c4c 40002c4c       2c     1                 OsMemMergeNode
40002c78 40002c78       60     4         /home/simonli/ohos-sig-0505/device/allwinner/v3s/out/v3s/obj/kernel/liteos_a//lib/libbase.a(los_memory.o):(.text.OsMemIsNodeValid)
40002c78 40002c78        0     1                 $a.42
40002c78 40002c78       60     1                 OsMemIsNodeValid
40002cd4 40002cd4        0     1                 $d.43
40002cd8 40002cd8       80     4         /home/simonli/ohos-sig-0505/device/allwinner/v3s/out/v3s/obj/kernel/liteos_a//lib/libbase.a(los_memory.o):(.text.OsMemAddrValidCheck)
40002cd8 40002cd8        0     1                 $a.44
40002cd8 40002cd8       80     1                 OsMemAddrValidCheck
40002d58 40002d58      1cc     4         /home/simonli/ohos-sig-0505/device/allwinner/v3s/out/v3s/obj/kernel/liteos_a//lib/libbase.a(los_memory.o):(.text.OsMemNodeInfo)
40002d58 40002d58        0     1                 $a.45
40002d58 40002d58      1cc     1                 OsMemNodeInfo
40002f00 40002f00        0     1                 $d.46
40002f24 40002f24       1c     4         /home/simonli/ohos-sig-0505/device/allwinner/v3s/out/v3s/obj/kernel/liteos_a//lib/libbase.a(los_misc.o):(.text.LOS_Align)
40002f24 40002f24        0     1                 $a.0
40002f24 40002f24       1c     1                 LOS_Align
40002f40 40002f40       2c     4         /home/simonli/ohos-sig-0505/device/allwinner/v3s/out/v3s/obj/kernel/liteos_a//lib/libbase.a(los_misc.o):(.text.LOS_Msleep)
40002f40 40002f40        0     1                 $a.1
40002f40 40002f40       2c     1                 LOS_Msleep
40002f6c 40002f6c        c     4         /home/simonli/ohos-sig-0505/device/allwinner/v3s/out/v3s/obj/kernel/liteos_a//lib/libbase.a(los_task.o):(.text.OsGetMainTask)
40002f6c 40002f6c        0     1                 $a.0
40002f6c 40002f6c        c     1                 OsGetMainTask
40002f74 40002f74        0     1                 $d.1
40002f78 40002f78       4c     4         /home/simonli/ohos-sig-0505/device/allwinner/v3s/out/v3s/obj/kernel/liteos_a//lib/libbase.a(los_task.o):(.text.OsSetMainTask)
40002f78 40002f78        0     1                 $a.2
40002f78 40002f78       4c     1                 OsSetMainTask
40002fbc 40002fbc        0     1                 $d.3
40002fc4 40002fc4        8     4         /home/simonli/ohos-sig-0505/device/allwinner/v3s/out/v3s/obj/kernel/liteos_a//lib/libbase.a(los_task.o):(.text.OsIdleTask)
40002fc4 40002fc4        0     1                 $a.4
40002fc4 40002fc4        8     1                 OsIdleTask
40002fcc 40002fcc       5c     4         /home/simonli/ohos-sig-0505/device/allwinner/v3s/out/v3s/obj/kernel/liteos_a//lib/libbase.a(los_task.o):(.text.OsTaskJoinPostUnsafe)
40002fcc 40002fcc        0     1                 $a.5
40002fcc 40002fcc       5c     1                 OsTaskJoinPostUnsafe
40003028 40003028       8c     4         /home/simonli/ohos-sig-0505/device/allwinner/v3s/out/v3s/obj/kernel/liteos_a//lib/libbase.a(los_task.o):(.text.OsTaskJoinPendUnsafe)
40003028 40003028        0     1                 $a.6
40003028 40003028       8c     1                 OsTaskJoinPendUnsafe
400030b0 400030b0        0     1                 $d.7
400030b4 400030b4       7c     4         /home/simonli/ohos-sig-0505/device/allwinner/v3s/out/v3s/obj/kernel/liteos_a//lib/libbase.a(los_task.o):(.text.OsTaskSetDeatchUnsafe)
400030b4 400030b4        0     1                 $a.8
400030b4 400030b4       7c     1                 OsTaskSetDeatchUnsafe
4000312c 4000312c        0     1                 $d.9
40003130 40003130       20     4         /home/simonli/ohos-sig-0505/device/allwinner/v3s/out/v3s/obj/kernel/liteos_a//lib/libbase.a(los_task.o):(.text.LOS_ListDelete)
40003130 40003130        0     1                 $a.10
40003130 40003130       20     1                 LOS_ListDelete
40003150 40003150       e0     4         /home/simonli/ohos-sig-0505/device/allwinner/v3s/out/v3s/obj/kernel/liteos_a//lib/libbase.a(los_task.o):(.text.OsTaskInit)
40003150 40003150        0     1                 $a.11
40003150 40003150       e0     1                 OsTaskInit
40003228 40003228        0     1                 $d.12
40003230 40003230       c0     4         /home/simonli/ohos-sig-0505/device/allwinner/v3s/out/v3s/obj/kernel/liteos_a//lib/libbase.a(los_task.o):(.text.OsIdleTaskCreate)
40003230 40003230        0     1                 $a.15
40003230 40003230       c0     1                 OsIdleTaskCreate
400032dc 400032dc        0     1                 $d.16
400032f0 400032f0      374     4         /home/simonli/ohos-sig-0505/device/allwinner/v3s/out/v3s/obj/kernel/liteos_a//lib/libbase.a(los_task.o):(.text.LOS_TaskCreateOnly)
400032f0 400032f0        0     1                 $a.17
400032f0 400032f0      374     1                 LOS_TaskCreateOnly
4000364c 4000364c        0     1                 $d.18
40003664 40003664       18     4         /home/simonli/ohos-sig-0505/device/allwinner/v3s/out/v3s/obj/kernel/liteos_a//lib/libbase.a(los_task.o):(.text.LOS_CurTaskIDGet)
40003664 40003664        0     1                 $a.19
40003664 40003664       18     1                 LOS_CurTaskIDGet
40003678 40003678        0     1                 $d.20
4000367c 4000367c       b8     4         /home/simonli/ohos-sig-0505/device/allwinner/v3s/out/v3s/obj/kernel/liteos_a//lib/libbase.a(los_task.o):(.text.OsTaskToExit)
4000367c 4000367c        0     1                 $a.21
4000367c 4000367c       b8     1                 OsTaskToExit
40003728 40003728        0     1                 $d.22
40003734 40003734       f4     4         /home/simonli/ohos-sig-0505/device/allwinner/v3s/out/v3s/obj/kernel/liteos_a//lib/libbase.a(los_task.o):(.text.OsTaskExitGroup)
40003734 40003734        0     1                 $a.23
40003734 40003734       f4     1                 OsTaskExitGroup
40003818 40003818        0     1                 $d.24
40003828 40003828      154     4         /home/simonli/ohos-sig-0505/device/allwinner/v3s/out/v3s/obj/kernel/liteos_a//lib/libbase.a(los_task.o):(.text.OsTaskDeleteUnsafe)
40003828 40003828        0     1                 $a.25
40003828 40003828      154     1                 OsTaskDeleteUnsafe
40003960 40003960        0     1                 $d.26
4000397c 4000397c       ac     4         /home/simonli/ohos-sig-0505/device/allwinner/v3s/out/v3s/obj/kernel/liteos_a//lib/libbase.a(los_task.o):(.text.OsTaskEntry)
4000397c 4000397c        0     1                 $a.27
4000397c 4000397c       ac     1                 OsTaskEntry
40003a18 40003a18        0     1                 $d.28
40003a28 40003a28       50     4         /home/simonli/ohos-sig-0505/device/allwinner/v3s/out/v3s/obj/kernel/liteos_a//lib/libbase.a(los_task.o):(.text.OsTaskCBRecyleToFree)
40003a28 40003a28        0     1                 $a.30
40003a28 40003a28       50     1                 OsTaskCBRecyleToFree
40003a74 40003a74        0     1                 $d.31
40003a78 40003a78      15c     4         /home/simonli/ohos-sig-0505/device/allwinner/v3s/out/v3s/obj/kernel/liteos_a//lib/libbase.a(los_task.o):(.text.OsTaskResourcesToFree)
40003a78 40003a78        0     1                 $a.32
40003a78 40003a78      15c     1                 OsTaskResourcesToFree
40003bbc 40003bbc        0     1                 $d.33
40003bd4 40003bd4       58     4         /home/simonli/ohos-sig-0505/device/allwinner/v3s/out/v3s/obj/kernel/liteos_a//lib/libbase.a(los_task.o):(.text.OsInsertTCBToFreeList)
40003bd4 40003bd4        0     1                 $a.34
40003bd4 40003bd4       58     1                 OsInsertTCBToFreeList
40003c28 40003c28        0     1                 $d.35
40003c2c 40003c2c       64     4         /home/simonli/ohos-sig-0505/device/allwinner/v3s/out/v3s/obj/kernel/liteos_a//lib/libbase.a(los_task.o):(.text.OsGetFreeTaskCB)
40003c2c 40003c2c        0     1                 $a.36
40003c2c 40003c2c       64     1                 OsGetFreeTaskCB
40003c84 40003c84        0     1                 $d.37
40003c90 40003c90       fc     4         /home/simonli/ohos-sig-0505/device/allwinner/v3s/out/v3s/obj/kernel/liteos_a//lib/libbase.a(los_task.o):(.text.LOS_TaskCreate)
40003c90 40003c90        0     1                 $a.38
40003c90 40003c90       fc     1                 LOS_TaskCreate
40003d7c 40003d7c        0     1                 $d.39
40003d8c 40003d8c       b0     4         /home/simonli/ohos-sig-0505/device/allwinner/v3s/out/v3s/obj/kernel/liteos_a//lib/libbase.a(los_task.o):(.text.LOS_TaskResume)
40003d8c 40003d8c        0     1                 $a.40
40003d8c 40003d8c       b0     1                 LOS_TaskResume
40003e34 40003e34        0     1                 $d.41
40003e3c 40003e3c       5c     4         /home/simonli/ohos-sig-0505/device/allwinner/v3s/out/v3s/obj/kernel/liteos_a//lib/libbase.a(los_task.o):(.text.LOS_TaskSuspend)
40003e3c 40003e3c        0     1                 $a.42
40003e3c 40003e3c       5c     1                 LOS_TaskSuspend
40003e90 40003e90        0     1                 $d.43
40003e98 40003e98       c8     4         /home/simonli/ohos-sig-0505/device/allwinner/v3s/out/v3s/obj/kernel/liteos_a//lib/libbase.a(los_task.o):(.text.OsTaskSuspend)
40003e98 40003e98        0     1                 $a.44
40003e98 40003e98       c8     1                 OsTaskSuspend
40003f54 40003f54        0     1                 $d.45
40003f60 40003f60       8c     4         /home/simonli/ohos-sig-0505/device/allwinner/v3s/out/v3s/obj/kernel/liteos_a//lib/libbase.a(los_task.o):(.text.OsRunTaskToDelete)
40003f60 40003f60        0     1                 $a.46
40003f60 40003f60       8c     1                 OsRunTaskToDelete
40003fe4 40003fe4        0     1                 $d.47
40003fec 40003fec       a8     4         /home/simonli/ohos-sig-0505/device/allwinner/v3s/out/v3s/obj/kernel/liteos_a//lib/libbase.a(los_task.o):(.text.OsTaskReleaseHoldLock)
40003fec 40003fec        0     1                 $a.48
40003fec 40003fec       a8     1                 OsTaskReleaseHoldLock
4000408c 4000408c        0     1                 $d.49
40004094 40004094       1c     4         /home/simonli/ohos-sig-0505/device/allwinner/v3s/out/v3s/obj/kernel/liteos_a//lib/libbase.a(los_task.o):(.text.OsTaskStatusUnusedSet)
40004094 40004094        0     1                 $a.50
40004094 40004094       1c     1                 OsTaskStatusUnusedSet
400040b0 400040b0       e0     4         /home/simonli/ohos-sig-0505/device/allwinner/v3s/out/v3s/obj/kernel/liteos_a//lib/libbase.a(los_task.o):(.text.OsTaskDeleteInactive)
400040b0 400040b0        0     1                 $a.51
400040b0 400040b0       e0     1                 OsTaskDeleteInactive
40004180 40004180        0     1                 $d.52
40004190 40004190       14     4         /home/simonli/ohos-sig-0505/device/allwinner/v3s/out/v3s/obj/kernel/liteos_a//lib/libbase.a(los_task.o):(.text.OsWriteResourceEvent)
40004190 40004190        0     1                 $a.53
40004190 40004190       14     1                 OsWriteResourceEvent
400041a0 400041a0        0     1                 $d.54
400041a4 400041a4      100     4         /home/simonli/ohos-sig-0505/device/allwinner/v3s/out/v3s/obj/kernel/liteos_a//lib/libbase.a(los_task.o):(.text.LOS_TaskDelete)
400041a4 400041a4        0     1                 $a.55
400041a4 400041a4      100     1                 LOS_TaskDelete
40004290 40004290        0     1                 $d.56
400042a4 400042a4       b8     4         /home/simonli/ohos-sig-0505/device/allwinner/v3s/out/v3s/obj/kernel/liteos_a//lib/libbase.a(los_task.o):(.text.LOS_TaskDelay)
400042a4 400042a4        0     1                 $a.57
400042a4 400042a4       b8     1                 LOS_TaskDelay
40004348 40004348        0     1                 $d.58
4000435c 4000435c       30     4         /home/simonli/ohos-sig-0505/device/allwinner/v3s/out/v3s/obj/kernel/liteos_a//lib/libbase.a(los_task.o):(.text.OsPreemptable)
4000435c 4000435c        0     1                 $a.59
4000435c 4000435c       30     1                 OsPreemptable
40004388 40004388        0     1                 $d.60
4000438c 4000438c       84     4         /home/simonli/ohos-sig-0505/device/allwinner/v3s/out/v3s/obj/kernel/liteos_a//lib/libbase.a(los_task.o):(.text.LOS_TaskYield)
4000438c 4000438c        0     1                 $a.61
4000438c 4000438c       84     1                 LOS_TaskYield
40004404 40004404        0     1                 $d.62
40004410 40004410       24     4         /home/simonli/ohos-sig-0505/device/allwinner/v3s/out/v3s/obj/kernel/liteos_a//lib/libbase.a(los_task.o):(.text.LOS_TaskLock)
40004410 40004410        0     1                 $a.68
40004410 40004410       24     1                 LOS_TaskLock
40004430 40004430        0     1                 $d.69
40004434 40004434       5c     4         /home/simonli/ohos-sig-0505/device/allwinner/v3s/out/v3s/obj/kernel/liteos_a//lib/libbase.a(los_task.o):(.text.LOS_TaskUnlock)
40004434 40004434        0     1                 $a.70
40004434 40004434       5c     1                 LOS_TaskUnlock
40004488 40004488        0     1                 $d.71
40004490 40004490        8     4         /home/simonli/ohos-sig-0505/device/allwinner/v3s/out/v3s/obj/kernel/liteos_a//lib/libbase.a(los_task.o):(.text.OsTaskCpuAffiSetUnsafe)
40004490 40004490        0     1                 $a.74
40004490 40004490        8     1                 OsTaskCpuAffiSetUnsafe
40004498 40004498       90     4         /home/simonli/ohos-sig-0505/device/allwinner/v3s/out/v3s/obj/kernel/liteos_a//lib/libbase.a(los_task.o):(.text.OsTaskProcSignal)
40004498 40004498        0     1                 $a.78
40004498 40004498       90     1                 OsTaskProcSignal
40004520 40004520        0     1                 $d.79
40004528 40004528      114     4         /home/simonli/ohos-sig-0505/device/allwinner/v3s/out/v3s/obj/kernel/liteos_a//lib/libbase.a(los_task.o):(.text.OsSetTaskName)
40004528 40004528        0     1                 $a.80
40004528 40004528      114     1                 OsSetTaskName
40004634 40004634        0     1                 $d.81
4000463c 4000463c       14     4         /home/simonli/ohos-sig-0505/device/allwinner/v3s/out/v3s/obj/kernel/liteos_a//lib/libbase.a(los_task.o):(.text.OsExecDestroyTaskGroup)
4000463c 4000463c        0     1                 $a.82
4000463c 4000463c       14     1                 OsExecDestroyTaskGroup
40004650 40004650       b4     4         /home/simonli/ohos-sig-0505/device/allwinner/v3s/out/v3s/obj/kernel/liteos_a//lib/libbase.a(los_task.o):(.text.OsProcessSuspendAllTask)
40004650 40004650        0     1                 $a.83
40004650 40004650       b4     1                 OsProcessSuspendAllTask
400046f8 400046f8        0     1                 $d.84
40004704 40004704       48     4         /home/simonli/ohos-sig-0505/device/allwinner/v3s/out/v3s/obj/kernel/liteos_a//lib/libbase.a(los_task.o):(.text.OsUserTaskOperatePermissionsCheck)
40004704 40004704        0     1                 $a.85
40004704 40004704       48     1                 OsUserTaskOperatePermissionsCheck
40004748 40004748        0     1                 $d.86
4000474c 4000474c      15c     4         /home/simonli/ohos-sig-0505/device/allwinner/v3s/out/v3s/obj/kernel/liteos_a//lib/libbase.a(los_task.o):(.text.OsCreateUserTask)
4000474c 4000474c        0     1                 $a.87
4000474c 4000474c      15c     1                 OsCreateUserTask
4000489c 4000489c        0     1                 $d.88
400048a8 400048a8       74     4         /home/simonli/ohos-sig-0505/device/allwinner/v3s/out/v3s/obj/kernel/liteos_a//lib/libbase.a(los_task.o):(.text.LOS_SetTaskScheduler)
400048a8 400048a8        0     1                 $a.91
400048a8 400048a8       74     1                 LOS_SetTaskScheduler
40004918 40004918        0     1                 $d.92
4000491c 4000491c       c8     4         /home/simonli/ohos-sig-0505/device/allwinner/v3s/out/v3s/obj/kernel/liteos_a//lib/libbase.a(los_task.o):(.text.OsCreateResourceFreeTask)
4000491c 4000491c        0     1                 $a.95
4000491c 4000491c       c8     1                 OsCreateResourceFreeTask
400049d4 400049d4        0     1                 $d.96
400049e4 400049e4       4c     4         /home/simonli/ohos-sig-0505/device/allwinner/v3s/out/v3s/obj/kernel/liteos_a//lib/libbase.a(los_task.o):(.text.OsResourceRecoveryTask)
400049e4 400049e4        0     1                 $a.97
400049e4 400049e4       4c     1                 OsResourceRecoveryTask
40004a2c 40004a2c        0     1                 $d.98
40004a30 40004a30       34     4         /home/simonli/ohos-sig-0505/device/allwinner/v3s/out/v3s/obj/kernel/liteos_a//lib/libbase.a(los_event.o):(.text.LOS_EventInit)
40004a30 40004a30        0     1                 $a.0
40004a30 40004a30       34     1                 LOS_EventInit
40004a60 40004a60        0     1                 $d.1
40004a64 40004a64       a8     4         /home/simonli/ohos-sig-0505/device/allwinner/v3s/out/v3s/obj/kernel/liteos_a//lib/libbase.a(los_event.o):(.text.OsEventPoll)
40004a64 40004a64        0     1                 $a.2
40004a64 40004a64       a8     1                 OsEventPoll
40004b00 40004b00        0     1                 $d.3
40004b0c 40004b0c       c0     4         /home/simonli/ohos-sig-0505/device/allwinner/v3s/out/v3s/obj/kernel/liteos_a//lib/libbase.a(los_event.o):(.text.OsEventWriteUnsafe)
40004b0c 40004b0c        0     1                 $a.4
40004b0c 40004b0c       c0     1                 OsEventWriteUnsafe
40004bcc 40004bcc       54     4         /home/simonli/ohos-sig-0505/device/allwinner/v3s/out/v3s/obj/kernel/liteos_a//lib/libbase.a(los_event.o):(.text.OsEventParamCheck)
40004bcc 40004bcc        0     1                 $a.6
40004bcc 40004bcc       54     1                 OsEventParamCheck
40004c20 40004c20       1c     4         /home/simonli/ohos-sig-0505/device/allwinner/v3s/out/v3s/obj/kernel/liteos_a//lib/libbase.a(los_event.o):(.text.LOS_EventRead)
40004c20 40004c20        0     1                 $a.7
40004c20 40004c20       1c     1                 LOS_EventRead
40004c3c 40004c3c       54     4         /home/simonli/ohos-sig-0505/device/allwinner/v3s/out/v3s/obj/kernel/liteos_a//lib/libbase.a(los_event.o):(.text.OsEventRead)
40004c3c 40004c3c        0     1                 $a.8
40004c3c 40004c3c       54     1                 OsEventRead
40004c90 40004c90        8     4         /home/simonli/ohos-sig-0505/device/allwinner/v3s/out/v3s/obj/kernel/liteos_a//lib/libbase.a(los_event.o):(.text.LOS_EventWrite)
40004c90 40004c90        0     1                 $a.9
40004c90 40004c90        8     1                 LOS_EventWrite
40004c98 40004c98       84     4         /home/simonli/ohos-sig-0505/device/allwinner/v3s/out/v3s/obj/kernel/liteos_a//lib/libbase.a(los_event.o):(.text.OsEventWrite)
40004c98 40004c98        0     1                 $a.10
40004c98 40004c98       84     1                 OsEventWrite
40004d18 40004d18        0     1                 $d.11
40004d1c 40004d1c       6c     4         /home/simonli/ohos-sig-0505/device/allwinner/v3s/out/v3s/obj/kernel/liteos_a//lib/libbase.a(los_event.o):(.text.LOS_EventDestroy)
40004d1c 40004d1c        0     1                 $a.14
40004d1c 40004d1c       6c     1                 LOS_EventDestroy
40004d84 40004d84        0     1                 $d.15
40004d88 40004d88       30     4         /home/simonli/ohos-sig-0505/device/allwinner/v3s/out/v3s/obj/kernel/liteos_a//lib/libbase.a(los_event.o):(.text.LOS_EventClear)
40004d88 40004d88        0     1                 $a.16
40004d88 40004d88       30     1                 LOS_EventClear
40004db4 40004db4        0     1                 $d.17
40004db8 40004db8       64     4         /home/simonli/ohos-sig-0505/device/allwinner/v3s/out/v3s/obj/kernel/liteos_a//lib/libbase.a(los_event.o):(.text.OsEventReadCheck)
40004db8 40004db8        0     1                 $a.19
40004db8 40004db8       64     1                 OsEventReadCheck
40004e14 40004e14        0     1                 $d.20
40004e1c 40004e1c       d8     4         /home/simonli/ohos-sig-0505/device/allwinner/v3s/out/v3s/obj/kernel/liteos_a//lib/libbase.a(los_event.o):(.text.OsEventReadImp)
40004e1c 40004e1c        0     1                 $a.21
40004e1c 40004e1c       d8     1                 OsEventReadImp
40004ee8 40004ee8        0     1                 $d.22
40004ef4 40004ef4        8     4         /home/simonli/ohos-sig-0505/device/allwinner/v3s/out/v3s/obj/kernel/liteos_a//lib/libbase.a(los_sched.o):(.text.OsShellShowTickRespo)
40004ef4 40004ef4        0     1                 $a.0
40004ef4 40004ef4        8     1                 OsShellShowTickRespo
40004efc 40004efc        8     4         /home/simonli/ohos-sig-0505/device/allwinner/v3s/out/v3s/obj/kernel/liteos_a//lib/libbase.a(los_sched.o):(.text.OsShellShowSchedParam)
40004efc 40004efc        0     1                 $a.1
40004efc 40004efc        8     1                 OsShellShowSchedParam
40004f04 40004f04       68     4         /home/simonli/ohos-sig-0505/device/allwinner/v3s/out/v3s/obj/kernel/liteos_a//lib/libbase.a(los_sched.o):(.text.OsSchedSetTickTimerType)
40004f04 40004f04        0     1                 $a.2
40004f04 40004f04       68     1                 OsSchedSetTickTimerType
40004f60 40004f60        0     1                 $d.3
40004f6c 40004f6c       58     4         /home/simonli/ohos-sig-0505/device/allwinner/v3s/out/v3s/obj/kernel/liteos_a//lib/libbase.a(los_sched.o):(.text.OsSchedUpdateExpireTime)
40004f6c 40004f6c        0     1                 $a.4
40004f6c 40004f6c       58     1                 OsSchedUpdateExpireTime
40004fc4 40004fc4      140     4         /home/simonli/ohos-sig-0505/device/allwinner/v3s/out/v3s/obj/kernel/liteos_a//lib/libbase.a(los_sched.o):(.text.OsSchedSetNextExpireTime)
40004fc4 40004fc4        0     1                 $a.5
40004fc4 40004fc4      140     1                 OsSchedSetNextExpireTime
400050fc 400050fc        0     1                 $d.6
40005104 40005104       50     4         /home/simonli/ohos-sig-0505/device/allwinner/v3s/out/v3s/obj/kernel/liteos_a//lib/libbase.a(los_sched.o):(.text.OsSchedTaskDeQueue)
40005104 40005104        0     1                 $a.7
40005104 40005104       50     1                 OsSchedTaskDeQueue
40005150 40005150        0     1                 $d.8
40005154 40005154       5c     4         /home/simonli/ohos-sig-0505/device/allwinner/v3s/out/v3s/obj/kernel/liteos_a//lib/libbase.a(los_sched.o):(.text.OsSchedDeTaskQueue)
40005154 40005154        0     1                 $a.9
40005154 40005154       5c     1                 OsSchedDeTaskQueue
400051b0 400051b0      1cc     4         /home/simonli/ohos-sig-0505/device/allwinner/v3s/out/v3s/obj/kernel/liteos_a//lib/libbase.a(los_sched.o):(.text.OsSchedTaskEnQueue)
400051b0 400051b0        0     1                 $a.10
400051b0 400051b0      1cc     1                 OsSchedTaskEnQueue
40005364 40005364        0     1                 $d.11
4000537c 4000537c       8c     4         /home/simonli/ohos-sig-0505/device/allwinner/v3s/out/v3s/obj/kernel/liteos_a//lib/libbase.a(los_sched.o):(.text.OsSchedTaskExit)
4000537c 4000537c        0     1                 $a.12
4000537c 4000537c       8c     1                 OsSchedTaskExit
40005404 40005404        0     1                 $d.13
40005408 40005408       20     4         /home/simonli/ohos-sig-0505/device/allwinner/v3s/out/v3s/obj/kernel/liteos_a//lib/libbase.a(los_sched.o):(.text.LOS_ListDelete)
40005408 40005408        0     1                 $a.14
40005408 40005408       20     1                 LOS_ListDelete
40005428 40005428       2c     4         /home/simonli/ohos-sig-0505/device/allwinner/v3s/out/v3s/obj/kernel/liteos_a//lib/libbase.a(los_sched.o):(.text.OsSchedYield)
40005428 40005428        0     1                 $a.15
40005428 40005428       2c     1                 OsSchedYield
40005454 40005454       3c     4         /home/simonli/ohos-sig-0505/device/allwinner/v3s/out/v3s/obj/kernel/liteos_a//lib/libbase.a(los_sched.o):(.text.OsGerCurrSchedTimeCycle)
40005454 40005454        0     1                 $a.16
40005454 40005454       3c     1                 OsGerCurrSchedTimeCycle
4000548c 4000548c        0     1                 $d.17
40005490 40005490       90     4         /home/simonli/ohos-sig-0505/device/allwinner/v3s/out/v3s/obj/kernel/liteos_a//lib/libbase.a(los_sched.o):(.text.OsSchedResched)
40005490 40005490        0     1                 $a.18
40005490 40005490       90     1                 OsSchedResched
40005510 40005510        0     1                 $d.19
40005520 40005520       2c     4         /home/simonli/ohos-sig-0505/device/allwinner/v3s/out/v3s/obj/kernel/liteos_a//lib/libbase.a(los_sched.o):(.text.OsSchedDelay)
40005520 40005520        0     1                 $a.20
40005520 40005520       2c     1                 OsSchedDelay
4000554c 4000554c       90     4         /home/simonli/ohos-sig-0505/device/allwinner/v3s/out/v3s/obj/kernel/liteos_a//lib/libbase.a(los_sched.o):(.text.OsSchedTaskWait)
4000554c 4000554c        0     1                 $a.21
4000554c 4000554c       90     1                 OsSchedTaskWait
400055d8 400055d8        0     1                 $d.22
400055dc 400055dc       54     4         /home/simonli/ohos-sig-0505/device/allwinner/v3s/out/v3s/obj/kernel/liteos_a//lib/libbase.a(los_sched.o):(.text.OsSchedTaskWake)
400055dc 400055dc        0     1                 $a.23
400055dc 400055dc       54     1                 OsSchedTaskWake
40005630 40005630       60     4         /home/simonli/ohos-sig-0505/device/allwinner/v3s/out/v3s/obj/kernel/liteos_a//lib/libbase.a(los_sched.o):(.text.OsSchedModifyTaskSchedParam)
40005630 40005630        0     1                 $a.24
40005630 40005630       60     1                 OsSchedModifyTaskSchedParam
40005690 40005690       88     4         /home/simonli/ohos-sig-0505/device/allwinner/v3s/out/v3s/obj/kernel/liteos_a//lib/libbase.a(los_sched.o):(.text.OsSchedModifyProcessSchedParam)
40005690 40005690        0     1                 $a.25
40005690 40005690       88     1                 OsSchedModifyProcessSchedParam
40005718 40005718       88     4         /home/simonli/ohos-sig-0505/device/allwinner/v3s/out/v3s/obj/kernel/liteos_a//lib/libbase.a(los_sched.o):(.text.OsSchedPriQueueDelete)
40005718 40005718        0     1                 $a.26
40005718 40005718       88     1                 OsSchedPriQueueDelete
4000579c 4000579c        0     1                 $d.27
400057a0 400057a0       ec     4         /home/simonli/ohos-sig-0505/device/allwinner/v3s/out/v3s/obj/kernel/liteos_a//lib/libbase.a(los_sched.o):(.text.OsSchedPriQueueEnTail)
400057a0 400057a0        0     1                 $a.28
400057a0 400057a0       ec     1                 OsSchedPriQueueEnTail
4000587c 4000587c        0     1                 $d.29
4000588c 4000588c       68     4         /home/simonli/ohos-sig-0505/device/allwinner/v3s/out/v3s/obj/kernel/liteos_a//lib/libbase.a(los_sched.o):(.text.OsSchedTick)
4000588c 4000588c        0     1                 $a.30
4000588c 4000588c       68     1                 OsSchedTick
400058ec 400058ec        0     1                 $d.31
400058f4 400058f4       18     4         /home/simonli/ohos-sig-0505/device/allwinner/v3s/out/v3s/obj/kernel/liteos_a//lib/libbase.a(los_sched.o):(.text.OsSchedSetIdleTaskSchedPartam)
400058f4 400058f4        0     1                 $a.32
400058f4 400058f4       18     1                 OsSchedSetIdleTaskSchedPartam
4000590c 4000590c       28     4         /home/simonli/ohos-sig-0505/device/allwinner/v3s/out/v3s/obj/kernel/liteos_a//lib/libbase.a(los_sched.o):(.text.OsSchedSwtmrScanRegister)
4000590c 4000590c        0     1                 $a.33
4000590c 4000590c       28     1                 OsSchedSwtmrScanRegister
40005930 40005930        0     1                 $d.34
40005934 40005934       c8     4         /home/simonli/ohos-sig-0505/device/allwinner/v3s/out/v3s/obj/kernel/liteos_a//lib/libbase.a(los_sched.o):(.text.OsSchedInit)
40005934 40005934        0     1                 $a.35
40005934 40005934       c8     1                 OsSchedInit
400059ec 400059ec        0     1                 $d.36
400059fc 400059fc       c8     4         /home/simonli/ohos-sig-0505/device/allwinner/v3s/out/v3s/obj/kernel/liteos_a//lib/libbase.a(los_sched.o):(.text.OsSchedScanTimerList)
400059fc 400059fc        0     1                 $a.37
400059fc 400059fc       c8     1                 OsSchedScanTimerList
40005ac0 40005ac0        0     1                 $d.38
40005ac4 40005ac4       fc     4         /home/simonli/ohos-sig-0505/device/allwinner/v3s/out/v3s/obj/kernel/liteos_a//lib/libbase.a(los_sched.o):(.text.OsSchedStart)
40005ac4 40005ac4        0     1                 $a.39
40005ac4 40005ac4       fc     1                 OsSchedStart
40005ba8 40005ba8        0     1                 $d.40
40005bc0 40005bc0       b4     4         /home/simonli/ohos-sig-0505/device/allwinner/v3s/out/v3s/obj/kernel/liteos_a//lib/libbase.a(los_sched.o):(.text.OsGetTopTask)
40005bc0 40005bc0        0     1                 $a.41
40005bc0 40005bc0       b4     1                 OsGetTopTask
40005c64 40005c64        0     1                 $d.42
40005c74 40005c74       90     4         /home/simonli/ohos-sig-0505/device/allwinner/v3s/out/v3s/obj/kernel/liteos_a//lib/libbase.a(los_sched.o):(.text.OsSchedIrqEndCheckNeedSched)
40005c74 40005c74        0     1                 $a.43
40005c74 40005c74       90     1                 OsSchedIrqEndCheckNeedSched
40005d00 40005d00        0     1                 $d.44
40005d04 40005d04       dc     4         /home/simonli/ohos-sig-0505/device/allwinner/v3s/out/v3s/obj/kernel/liteos_a//lib/libbase.a(los_sched.o):(.text.OsTimeSliceUpdate)
40005d04 40005d04        0     1                 $a.45
40005d04 40005d04       dc     1                 OsTimeSliceUpdate
40005dd4 40005dd4        0     1                 $d.46
40005de0 40005de0       30     4         /home/simonli/ohos-sig-0505/device/allwinner/v3s/out/v3s/obj/kernel/liteos_a//lib/libbase.a(los_sched.o):(.text.OsPreemptable)
40005de0 40005de0        0     1                 $a.47
40005de0 40005de0       30     1                 OsPreemptable
40005e0c 40005e0c        0     1                 $d.48
40005e10 40005e10      288     4         /home/simonli/ohos-sig-0505/device/allwinner/v3s/out/v3s/obj/kernel/liteos_a//lib/libbase.a(los_sched.o):(.text.OsSchedTaskSwicth)
40005e10 40005e10        0     1                 $a.49
40005e10 40005e10      288     1                 OsSchedTaskSwicth
40006078 40006078        0     1                 $d.50
40006098 40006098       78     4         /home/simonli/ohos-sig-0505/device/allwinner/v3s/out/v3s/obj/kernel/liteos_a//lib/libbase.a(los_sched.o):(.text.LOS_Schedule)
40006098 40006098        0     1                 $a.51
40006098 40006098       78     1                 LOS_Schedule
40006108 40006108        0     1                 $d.52
40006110 40006110       60     4         /home/simonli/ohos-sig-0505/device/allwinner/v3s/out/v3s/obj/kernel/liteos_a//lib/libbase.a(los_sched.o):(.text.OsSchedLockPendFindPos)
40006110 40006110        0     1                 $a.53
40006110 40006110       60     1                 OsSchedLockPendFindPos
40006170 40006170       e8     4         /home/simonli/ohos-sig-0505/device/allwinner/v3s/out/v3s/obj/kernel/liteos_a//lib/libbase.a(los_sched.o):(.text.OsSchedPriQueueEnHead)
40006170 40006170        0     1                 $a.54
40006170 40006170       e8     1                 OsSchedPriQueueEnHead
40006248 40006248        0     1                 $d.55
40006258 40006258        c     4         /home/simonli/ohos-sig-0505/device/allwinner/v3s/out/v3s/obj/kernel/liteos_a//lib/libcortex-a7.a(los_arch_mmu.o):(.text.OsGFirstTableGet)
40006258 40006258        0     1                 $a.0
40006258 40006258        c     1                 OsGFirstTableGet
40006260 40006260        0     1                 $d.1
40006264 40006264       e4     4         /home/simonli/ohos-sig-0505/device/allwinner/v3s/out/v3s/obj/kernel/liteos_a//lib/libcortex-a7.a(los_arch_mmu.o):(.text.OsArchMmuInit)
40006264 40006264        0     1                 $a.2
40006264 40006264       e4     1                 OsArchMmuInit
4000633c 4000633c        0     1                 $d.3
40006348 40006348      1f4     4         /home/simonli/ohos-sig-0505/device/allwinner/v3s/out/v3s/obj/kernel/liteos_a//lib/libcortex-a7.a(los_arch_mmu.o):(.text.LOS_ArchMmuQuery)
40006348 40006348        0     1                 $a.4
40006348 40006348      1f4     1                 LOS_ArchMmuQuery
40006534 40006534        0     1                 $d.5
4000653c 4000653c        8     4         /home/simonli/ohos-sig-0505/device/allwinner/v3s/out/v3s/obj/kernel/liteos_a//lib/libcortex-a7.a(los_arch_mmu.o):(.text.OsGetPte2BasePtr)
4000653c 4000653c        0     1                 $a.6
4000653c 4000653c        8     1                 OsGetPte2BasePtr
40006544 40006544      2b0     4         /home/simonli/ohos-sig-0505/device/allwinner/v3s/out/v3s/obj/kernel/liteos_a//lib/libcortex-a7.a(los_arch_mmu.o):(.text.LOS_ArchMmuUnmap)
40006544 40006544        0     1                 $a.7
40006544 40006544      2b0     1                 LOS_ArchMmuUnmap
400067d0 400067d0        0     1                 $d.8
400067f4 400067f4      2ac     4         /home/simonli/ohos-sig-0505/device/allwinner/v3s/out/v3s/obj/kernel/liteos_a//lib/libcortex-a7.a(los_arch_mmu.o):(.text.LOS_ArchMmuMap)
400067f4 400067f4        0     1                 $a.9
400067f4 400067f4      2ac     1                 LOS_ArchMmuMap
40006a70 40006a70        0     1                 $d.10
40006aa0 40006aa0      104     4         /home/simonli/ohos-sig-0505/device/allwinner/v3s/out/v3s/obj/kernel/liteos_a//lib/libcortex-a7.a(los_arch_mmu.o):(.text.OsMapL2PageContinous)
40006aa0 40006aa0        0     1                 $a.11
40006aa0 40006aa0      104     1                 OsMapL2PageContinous
40006b94 40006b94        0     1                 $d.12
40006ba4 40006ba4      194     4         /home/simonli/ohos-sig-0505/device/allwinner/v3s/out/v3s/obj/kernel/liteos_a//lib/libcortex-a7.a(los_arch_mmu.o):(.text.LOS_ArchMmuChangeProt)
40006ba4 40006ba4        0     1                 $a.13
40006ba4 40006ba4      194     1                 LOS_ArchMmuChangeProt
40006d28 40006d28        0     1                 $d.14
40006d38 40006d38      1a8     4         /home/simonli/ohos-sig-0505/device/allwinner/v3s/out/v3s/obj/kernel/liteos_a//lib/libcortex-a7.a(los_arch_mmu.o):(.text.LOS_ArchMmuMove)
40006d38 40006d38        0     1                 $a.15
40006d38 40006d38      1a8     1                 LOS_ArchMmuMove
40006ed0 40006ed0        0     1                 $d.16
40006ee0 40006ee0       78     4         /home/simonli/ohos-sig-0505/device/allwinner/v3s/out/v3s/obj/kernel/liteos_a//lib/libcortex-a7.a(los_arch_mmu.o):(.text.LOS_ArchMmuContextSwitch)
40006ee0 40006ee0        0     1                 $a.17
40006ee0 40006ee0       78     1                 LOS_ArchMmuContextSwitch
40006f58 40006f58       5c     4         /home/simonli/ohos-sig-0505/device/allwinner/v3s/out/v3s/obj/kernel/liteos_a//lib/libcortex-a7.a(los_arch_mmu.o):(.text.LOS_ArchMmuDestroy)
40006f58 40006f58        0     1                 $a.18
40006f58 40006f58       5c     1                 LOS_ArchMmuDestroy
40006fb4 40006fb4       20     4         /home/simonli/ohos-sig-0505/device/allwinner/v3s/out/v3s/obj/kernel/liteos_a//lib/libcortex-a7.a(los_arch_mmu.o):(.text.LOS_ListDelete)
40006fb4 40006fb4        0     1                 $a.19
40006fb4 40006fb4       20     1                 LOS_ListDelete
40006fd4 40006fd4       34     4         /home/simonli/ohos-sig-0505/device/allwinner/v3s/out/v3s/obj/kernel/liteos_a//lib/libcortex-a7.a(los_arch_mmu.o):(.text.OsArchMmuInitPerCPU)
40006fd4 40006fd4        0     1                 $a.20
40006fd4 40006fd4       34     1                 OsArchMmuInitPerCPU
40007008 40007008      184     4         /home/simonli/ohos-sig-0505/device/allwinner/v3s/out/v3s/obj/kernel/liteos_a//lib/libcortex-a7.a(los_arch_mmu.o):(.text.OsInitMappingStartUp)
40007008 40007008        0     1                 $a.21
40007008 40007008      184     1                 OsInitMappingStartUp
40007178 40007178        0     1                 $d.22
4000718c 4000718c      344     4         /home/simonli/ohos-sig-0505/device/allwinner/v3s/out/v3s/obj/kernel/liteos_a//lib/libcortex-a7.a(los_arch_mmu.o):(.text.OsSetKSectionAttr)
4000718c 4000718c        0     1                 $a.23
4000718c 4000718c      344     1                 OsSetKSectionAttr
40007494 40007494        0     1                 $d.24
400074d0 400074d0       60     4         /home/simonli/ohos-sig-0505/device/allwinner/v3s/out/v3s/obj/kernel/liteos_a//lib/libbase.a(los_vm_map.o):(.text.LOS_SpaceGet)
400074d0 400074d0        0     1                 $a.2
400074d0 400074d0       60     1                 LOS_SpaceGet
40007524 40007524        0     1                 $d.3
40007530 40007530        c     4         /home/simonli/ohos-sig-0505/device/allwinner/v3s/out/v3s/obj/kernel/liteos_a//lib/libbase.a(los_vm_map.o):(.text.LOS_GetKVmSpace)
40007530 40007530        0     1                 $a.4
40007530 40007530        c     1                 LOS_GetKVmSpace
40007538 40007538        0     1                 $d.5
4000753c 4000753c        c     4         /home/simonli/ohos-sig-0505/device/allwinner/v3s/out/v3s/obj/kernel/liteos_a//lib/libbase.a(los_vm_map.o):(.text.LOS_GetVmSpaceList)
4000753c 4000753c        0     1                 $a.8
4000753c 4000753c        c     1                 LOS_GetVmSpaceList
40007544 40007544        0     1                 $d.9
40007548 40007548       24     4         /home/simonli/ohos-sig-0505/device/allwinner/v3s/out/v3s/obj/kernel/liteos_a//lib/libbase.a(los_vm_map.o):(.text.OsRegionRbFreeFn)
40007548 40007548        0     1                 $a.10
40007548 40007548       24     1                 OsRegionRbFreeFn
40007568 40007568        0     1                 $d.11
4000756c 4000756c        8     4         /home/simonli/ohos-sig-0505/device/allwinner/v3s/out/v3s/obj/kernel/liteos_a//lib/libbase.a(los_vm_map.o):(.text.OsRegionRbGetKeyFn)
4000756c 4000756c        0     1                 $a.12
4000756c 4000756c        8     1                 OsRegionRbGetKeyFn
40007574 40007574       58     4         /home/simonli/ohos-sig-0505/device/allwinner/v3s/out/v3s/obj/kernel/liteos_a//lib/libbase.a(los_vm_map.o):(.text.OsRegionRbCmpKeyFn)
40007574 40007574        0     1                 $a.13
40007574 40007574       58     1                 OsRegionRbCmpKeyFn
400075cc 400075cc       70     4         /home/simonli/ohos-sig-0505/device/allwinner/v3s/out/v3s/obj/kernel/liteos_a//lib/libbase.a(los_vm_map.o):(.text.OsVmMapInit)
400075cc 400075cc        0     1                 $a.14
400075cc 400075cc       70     1                 OsVmMapInit
4000762c 4000762c        0     1                 $d.15
4000763c 4000763c       1c     4         /home/simonli/ohos-sig-0505/device/allwinner/v3s/out/v3s/obj/kernel/liteos_a//lib/libbase.a(los_vm_map.o):(.text.OsKernVmSpaceInit)
4000763c 4000763c        0     1                 $a.16
4000763c 4000763c       1c     1                 OsKernVmSpaceInit
40007658 40007658       dc     4         /home/simonli/ohos-sig-0505/device/allwinner/v3s/out/v3s/obj/kernel/liteos_a//lib/libbase.a(los_vm_map.o):(.text.OsVmSpaceInitCommon)
40007658 40007658        0     1                 $a.17
40007658 40007658       dc     1                 OsVmSpaceInitCommon
40007714 40007714        0     1                 $d.18
40007734 40007734       20     4         /home/simonli/ohos-sig-0505/device/allwinner/v3s/out/v3s/obj/kernel/liteos_a//lib/libbase.a(los_vm_map.o):(.text.OsVMallocSpaceInit)
40007734 40007734        0     1                 $a.19
40007734 40007734       20     1                 OsVMallocSpaceInit
40007754 40007754       38     4         /home/simonli/ohos-sig-0505/device/allwinner/v3s/out/v3s/obj/kernel/liteos_a//lib/libbase.a(los_vm_map.o):(.text.OsKSpaceInit)
40007754 40007754        0     1                 $a.20
40007754 40007754       38     1                 OsKSpaceInit
40007784 40007784        0     1                 $d.21
40007790 40007790       40     8         /home/simonli/ohos-sig-0505/device/allwinner/v3s/out/v3s/obj/kernel/liteos_a//lib/libbase.a(los_vm_map.o):(.text.OsUserVmSpaceInit)
40007790 40007790        0     1                 $a.22
40007790 40007790       40     1                 OsUserVmSpaceInit
400077c0 400077c0        0     1                 $d.23
400077d0 400077d0       cc     4         /home/simonli/ohos-sig-0505/device/allwinner/v3s/out/v3s/obj/kernel/liteos_a//lib/libbase.a(los_vm_map.o):(.text.OsCreateUserVmSapce)
400077d0 400077d0        0     1                 $a.24
400077d0 400077d0       cc     1                 OsCreateUserVmSapce
40007898 40007898        0     1                 $d.25
4000789c 4000789c      2b4     4         /home/simonli/ohos-sig-0505/device/allwinner/v3s/out/v3s/obj/kernel/liteos_a//lib/libbase.a(los_vm_map.o):(.text.LOS_VmSpaceClone)
4000789c 4000789c        0     1                 $a.30
4000789c 4000789c      2b4     1                 LOS_VmSpaceClone
40007b3c 40007b3c        0     1                 $d.31
40007b50 40007b50        8     4         /home/simonli/ohos-sig-0505/device/allwinner/v3s/out/v3s/obj/kernel/liteos_a//lib/libbase.a(los_vm_map.o):(.text.LOS_MuxAcquire)
40007b50 40007b50        0     1                 $a.32
40007b50 40007b50        8     1                 LOS_MuxAcquire
40007b58 40007b58       f4     4         /home/simonli/ohos-sig-0505/device/allwinner/v3s/out/v3s/obj/kernel/liteos_a//lib/libbase.a(los_vm_map.o):(.text.OsVmRegionDup)
40007b58 40007b58        0     1                 $a.33
40007b58 40007b58       f4     1                 OsVmRegionDup
40007c40 40007c40        0     1                 $d.34
40007c4c 40007c4c       18     4         /home/simonli/ohos-sig-0505/device/allwinner/v3s/out/v3s/obj/kernel/liteos_a//lib/libbase.a(los_vm_map.o):(.text.LOS_AtomicInc)
40007c4c 40007c4c        0     1                 $a.35
40007c4c 40007c4c       18     1                 LOS_AtomicInc
40007c64 40007c64       40     4         /home/simonli/ohos-sig-0505/device/allwinner/v3s/out/v3s/obj/kernel/liteos_a//lib/libbase.a(los_vm_map.o):(.text.LOS_IsRegionFileValid)
40007c64 40007c64        0     1                 $a.36
40007c64 40007c64       40     1                 LOS_IsRegionFileValid
40007ca4 40007ca4       54     4         /home/simonli/ohos-sig-0505/device/allwinner/v3s/out/v3s/obj/kernel/liteos_a//lib/libbase.a(los_vm_map.o):(.text.OsFindRegion)
40007ca4 40007ca4        0     1                 $a.37
40007ca4 40007ca4       54     1                 OsFindRegion
40007cf4 40007cf4        0     1                 $d.38
40007cf8 40007cf8       40     4         /home/simonli/ohos-sig-0505/device/allwinner/v3s/out/v3s/obj/kernel/liteos_a//lib/libbase.a(los_vm_map.o):(.text.LOS_RegionFind)
40007cf8 40007cf8        0     1                 $a.39
40007cf8 40007cf8       40     1                 LOS_RegionFind
40007d38 40007d38       44     4         /home/simonli/ohos-sig-0505/device/allwinner/v3s/out/v3s/obj/kernel/liteos_a//lib/libbase.a(los_vm_map.o):(.text.LOS_RegionRangeFind)
40007d38 40007d38        0     1                 $a.40
40007d38 40007d38       44     1                 LOS_RegionRangeFind
40007d7c 40007d7c       e4     4         /home/simonli/ohos-sig-0505/device/allwinner/v3s/out/v3s/obj/kernel/liteos_a//lib/libbase.a(los_vm_map.o):(.text.OsAllocRange)
40007d7c 40007d7c        0     1                 $a.41
40007d7c 40007d7c       e4     1                 OsAllocRange
40007e60 40007e60       f4     4         /home/simonli/ohos-sig-0505/device/allwinner/v3s/out/v3s/obj/kernel/liteos_a//lib/libbase.a(los_vm_map.o):(.text.OsAllocSpecificRange)
40007e60 40007e60        0     1                 $a.42
40007e60 40007e60       f4     1                 OsAllocSpecificRange
40007f48 40007f48        0     1                 $d.43
40007f54 40007f54       54     4         /home/simonli/ohos-sig-0505/device/allwinner/v3s/out/v3s/obj/kernel/liteos_a//lib/libbase.a(los_vm_map.o):(.text.LOS_IsRangeInSpace)
40007f54 40007f54        0     1                 $a.44
40007f54 40007f54       54     1                 LOS_IsRangeInSpace
40007fa8 40007fa8       78     4         /home/simonli/ohos-sig-0505/device/allwinner/v3s/out/v3s/obj/kernel/liteos_a//lib/libbase.a(los_vm_map.o):(.text.OsInsertRegion)
40007fa8 40007fa8        0     1                 $a.45
40007fa8 40007fa8       78     1                 OsInsertRegion
40008014 40008014        0     1                 $d.46
40008020 40008020       ac     4         /home/simonli/ohos-sig-0505/device/allwinner/v3s/out/v3s/obj/kernel/liteos_a//lib/libbase.a(los_vm_map.o):(.text.OsCreateRegion)
40008020 40008020        0     1                 $a.47
40008020 40008020       ac     1                 OsCreateRegion
400080bc 400080bc        0     1                 $d.48
400080cc 400080cc      108     4         /home/simonli/ohos-sig-0505/device/allwinner/v3s/out/v3s/obj/kernel/liteos_a//lib/libbase.a(los_vm_map.o):(.text.LOS_PaddrQuery)
400080cc 400080cc        0     1                 $a.49
400080cc 400080cc      108     1                 LOS_PaddrQuery
400081b8 400081b8        0     1                 $d.50
400081d4 400081d4      110     4         /home/simonli/ohos-sig-0505/device/allwinner/v3s/out/v3s/obj/kernel/liteos_a//lib/libbase.a(los_vm_map.o):(.text.LOS_RegionAlloc)
400081d4 400081d4        0     1                 $a.51
400081d4 400081d4      110     1                 LOS_RegionAlloc
400082d4 400082d4        0     1                 $d.52
400082e4 400082e4      28c     4         /home/simonli/ohos-sig-0505/device/allwinner/v3s/out/v3s/obj/kernel/liteos_a//lib/libbase.a(los_vm_map.o):(.text.LOS_RegionFree)
400082e4 400082e4        0     1                 $a.53
400082e4 400082e4      28c     1                 LOS_RegionFree
40008554 40008554        0     1                 $d.54
40008570 40008570      10c     4         /home/simonli/ohos-sig-0505/device/allwinner/v3s/out/v3s/obj/kernel/liteos_a//lib/libbase.a(los_vm_map.o):(.text.OsVmRegionAdjust)
40008570 40008570        0     1                 $a.55
40008570 40008570      10c     1                 OsVmRegionAdjust
40008670 40008670        0     1                 $d.56
4000867c 4000867c       c4     4         /home/simonli/ohos-sig-0505/device/allwinner/v3s/out/v3s/obj/kernel/liteos_a//lib/libbase.a(los_vm_map.o):(.text.OsVmRegionSplit)
4000867c 4000867c        0     1                 $a.57
4000867c 4000867c       c4     1                 OsVmRegionSplit
40008734 40008734        0     1                 $d.58
40008740 40008740      10c     4         /home/simonli/ohos-sig-0505/device/allwinner/v3s/out/v3s/obj/kernel/liteos_a//lib/libbase.a(los_vm_map.o):(.text.OsRegionsRemove)
40008740 40008740        0     1                 $a.59
40008740 40008740      10c     1                 OsRegionsRemove
40008840 40008840        0     1                 $d.60
4000884c 4000884c      128     4         /home/simonli/ohos-sig-0505/device/allwinner/v3s/out/v3s/obj/kernel/liteos_a//lib/libbase.a(los_vm_map.o):(.text.OsUserHeapFree)
4000884c 4000884c        0     1                 $a.61
4000884c 4000884c      128     1                 OsUserHeapFree
40008960 40008960        0     1                 $d.62
40008974 40008974       6c     4         /home/simonli/ohos-sig-0505/device/allwinner/v3s/out/v3s/obj/kernel/liteos_a//lib/libbase.a(los_vm_map.o):(.text.OsIsRegionCanExpand)
40008974 40008974        0     1                 $a.63
40008974 40008974       6c     1                 OsIsRegionCanExpand
400089e0 400089e0       b8     4         /home/simonli/ohos-sig-0505/device/allwinner/v3s/out/v3s/obj/kernel/liteos_a//lib/libbase.a(los_vm_map.o):(.text.OsUnMMap)
400089e0 400089e0        0     1                 $a.64
400089e0 400089e0       b8     1                 OsUnMMap
40008a8c 40008a8c        0     1                 $d.65
40008a98 40008a98      1c8     4         /home/simonli/ohos-sig-0505/device/allwinner/v3s/out/v3s/obj/kernel/liteos_a//lib/libbase.a(los_vm_map.o):(.text.LOS_VmSpaceFree)
40008a98 40008a98        0     1                 $a.66
40008a98 40008a98      1c8     1                 LOS_VmSpaceFree
40008c48 40008c48        0     1                 $d.67
40008c60 40008c60       20     4         /home/simonli/ohos-sig-0505/device/allwinner/v3s/out/v3s/obj/kernel/liteos_a//lib/libbase.a(los_vm_map.o):(.text.LOS_ListDelete)
40008c60 40008c60        0     1                 $a.68
40008c60 40008c60       20     1                 LOS_ListDelete
40008c80 40008c80       c8     4         /home/simonli/ohos-sig-0505/device/allwinner/v3s/out/v3s/obj/kernel/liteos_a//lib/libbase.a(los_vm_map.o):(.text.LOS_VmSpaceReserve)
40008c80 40008c80        0     1                 $a.69
40008c80 40008c80       c8     1                 LOS_VmSpaceReserve
40008d44 40008d44        0     1                 $d.70
40008d48 40008d48      1b8     4         /home/simonli/ohos-sig-0505/device/allwinner/v3s/out/v3s/obj/kernel/liteos_a//lib/libbase.a(los_vm_map.o):(.text.LOS_UserSpaceVmAlloc)
40008d48 40008d48        0     1                 $a.73
40008d48 40008d48      1b8     1                 LOS_UserSpaceVmAlloc
40008eec 40008eec        0     1                 $d.74
40008f00 40008f00      1d4     4         /home/simonli/ohos-sig-0505/device/allwinner/v3s/out/v3s/obj/kernel/liteos_a//lib/libbase.a(los_vm_map.o):(.text.LOS_VMalloc)
40008f00 40008f00        0     1                 $a.75
40008f00 40008f00      1d4     1                 LOS_VMalloc
400090c0 400090c0        0     1                 $d.76
400090d4 400090d4      100     4         /home/simonli/ohos-sig-0505/device/allwinner/v3s/out/v3s/obj/kernel/liteos_a//lib/libbase.a(los_vm_map.o):(.text.LOS_VFree)
400090d4 400090d4        0     1                 $a.77
400090d4 400090d4      100     1                 LOS_VFree
400091c4 400091c4        0     1                 $d.78
400091d4 400091d4       40     4         /home/simonli/ohos-sig-0505/device/allwinner/v3s/out/v3s/obj/kernel/liteos_a//lib/libbase.a(los_vm_map.o):(.text.LOS_KernelMalloc)
400091d4 400091d4        0     1                 $a.81
400091d4 400091d4       40     1                 LOS_KernelMalloc
4000920c 4000920c        0     1                 $d.82
40009214 40009214       94     4         /home/simonli/ohos-sig-0505/device/allwinner/v3s/out/v3s/obj/kernel/liteos_a//lib/libbase.a(los_vm_map.o):(.text.LOS_KernelFree)
40009214 40009214        0     1                 $a.87
40009214 40009214       94     1                 LOS_KernelFree
40009298 40009298        0     1                 $d.88
400092a8 400092a8       28     4         /home/simonli/ohos-sig-0505/device/allwinner/v3s/out/v3s/obj/kernel/liteos_a//lib/libbase.a(los_mux.o):(.text.LOS_MuxAttrInit)
400092a8 400092a8        0     1                 $a.0
400092a8 400092a8       28     1                 LOS_MuxAttrInit
400092d0 400092d0       2c     4         /home/simonli/ohos-sig-0505/device/allwinner/v3s/out/v3s/obj/kernel/liteos_a//lib/libbase.a(los_mux.o):(.text.LOS_MuxAttrSetType)
400092d0 400092d0        0     1                 $a.3
400092d0 400092d0       2c     1                 LOS_MuxAttrSetType
400092fc 400092fc       98     4         /home/simonli/ohos-sig-0505/device/allwinner/v3s/out/v3s/obj/kernel/liteos_a//lib/libbase.a(los_mux.o):(.text.LOS_MuxLock)
400092fc 400092fc        0     1                 $a.9
400092fc 400092fc       98     1                 LOS_MuxLock
40009388 40009388        0     1                 $d.10
40009394 40009394       d8     4         /home/simonli/ohos-sig-0505/device/allwinner/v3s/out/v3s/obj/kernel/liteos_a//lib/libbase.a(los_mux.o):(.text.LOS_MuxUnlock)
40009394 40009394        0     1                 $a.11
40009394 40009394       d8     1                 LOS_MuxUnlock
4000945c 4000945c        0     1                 $d.12
4000946c 4000946c       2c     4         /home/simonli/ohos-sig-0505/device/allwinner/v3s/out/v3s/obj/kernel/liteos_a//lib/libbase.a(los_mux.o):(.text.LOS_MuxIsValid)
4000946c 4000946c        0     1                 $a.15
4000946c 4000946c       2c     1                 LOS_MuxIsValid
40009494 40009494        0     1                 $d.16
40009498 40009498       98     4         /home/simonli/ohos-sig-0505/device/allwinner/v3s/out/v3s/obj/kernel/liteos_a//lib/libbase.a(los_mux.o):(.text.LOS_MuxInit)
40009498 40009498        0     1                 $a.17
40009498 40009498       98     1                 LOS_MuxInit
4000952c 4000952c        0     1                 $d.18
40009530 40009530       30     4         /home/simonli/ohos-sig-0505/device/allwinner/v3s/out/v3s/obj/kernel/liteos_a//lib/libbase.a(los_mux.o):(.text.OsCheckMutexAttr)
40009530 40009530        0     1                 $a.19
40009530 40009530       30     1                 OsCheckMutexAttr
40009560 40009560       78     4         /home/simonli/ohos-sig-0505/device/allwinner/v3s/out/v3s/obj/kernel/liteos_a//lib/libbase.a(los_mux.o):(.text.LOS_MuxDestroy)
40009560 40009560        0     1                 $a.20
40009560 40009560       78     1                 LOS_MuxDestroy
400095d4 400095d4        0     1                 $d.21
400095d8 400095d8       84     4         /home/simonli/ohos-sig-0505/device/allwinner/v3s/out/v3s/obj/kernel/liteos_a//lib/libbase.a(los_mux.o):(.text.OsMuxBitmapRestore)
400095d8 400095d8        0     1                 $a.22
400095d8 400095d8       84     1                 OsMuxBitmapRestore
4000965c 4000965c       78     4         /home/simonli/ohos-sig-0505/device/allwinner/v3s/out/v3s/obj/kernel/liteos_a//lib/libbase.a(los_mux.o):(.text.OsMuxLockUnsafe)
4000965c 4000965c        0     1                 $a.23
4000965c 4000965c       78     1                 OsMuxLockUnsafe
400096d0 400096d0        0     1                 $d.24
400096d4 400096d4      1c0     4         /home/simonli/ohos-sig-0505/device/allwinner/v3s/out/v3s/obj/kernel/liteos_a//lib/libbase.a(los_mux.o):(.text.OsMuxPendOp)
400096d4 400096d4        0     1                 $a.25
400096d4 400096d4      1c0     1                 OsMuxPendOp
4000988c 4000988c        0     1                 $d.26
40009894 40009894      200     4         /home/simonli/ohos-sig-0505/device/allwinner/v3s/out/v3s/obj/kernel/liteos_a//lib/libbase.a(los_mux.o):(.text.OsMuxUnlockUnsafe)
40009894 40009894        0     1                 $a.31
40009894 40009894      200     1                 OsMuxUnlockUnsafe
40009a90 40009a90        0     1                 $d.32
40009a94 40009a94       20     4         /home/simonli/ohos-sig-0505/device/allwinner/v3s/out/v3s/obj/kernel/liteos_a//lib/libbase.a(los_mux.o):(.text.LOS_ListDelete)
40009a94 40009a94        0     1                 $a.33
40009a94 40009a94       20     1                 LOS_ListDelete
40009ab4 40009ab4       1c     4         /home/simonli/ohos-sig-0505/device/allwinner/v3s/out/v3s/obj/kernel/liteos_a//lib/libbase.a(los_bitmap.o):(.text.LOS_BitmapSet)
40009ab4 40009ab4        0     1                 $a.0
40009ab4 40009ab4       1c     1                 LOS_BitmapSet
40009ad0 40009ad0       1c     4         /home/simonli/ohos-sig-0505/device/allwinner/v3s/out/v3s/obj/kernel/liteos_a//lib/libbase.a(los_bitmap.o):(.text.LOS_BitmapClr)
40009ad0 40009ad0        0     1                 $a.1
40009ad0 40009ad0       1c     1                 LOS_BitmapClr
40009aec 40009aec       18     4         /home/simonli/ohos-sig-0505/device/allwinner/v3s/out/v3s/obj/kernel/liteos_a//lib/libbase.a(los_bitmap.o):(.text.LOS_HighBitGet)
40009aec 40009aec        0     1                 $a.2
40009aec 40009aec       18     1                 LOS_HighBitGet
40009b04 40009b04        c     4         /home/simonli/ohos-sig-0505/device/allwinner/v3s/out/v3s/obj/kernel/liteos_a//lib/libbase.a(los_bitmap.o):(.text.LOS_LowBitGet)
40009b04 40009b04        0     1                 $a.3
40009b04 40009b04        c     1                 LOS_LowBitGet
40009b10 40009b10       70     4         /home/simonli/ohos-sig-0505/device/allwinner/v3s/out/v3s/obj/kernel/liteos_a//lib/libbase.a(los_bitmap.o):(.text.LOS_BitmapSetNBits)
40009b10 40009b10        0     1                 $a.4
40009b10 40009b10       70     1                 LOS_BitmapSetNBits
40009b80 40009b80       70     4         /home/simonli/ohos-sig-0505/device/allwinner/v3s/out/v3s/obj/kernel/liteos_a//lib/libbase.a(los_bitmap.o):(.text.LOS_BitmapClrNBits)
40009b80 40009b80        0     1                 $a.5
40009b80 40009b80       70     1                 LOS_BitmapClrNBits
40009bf0 40009bf0       50     4         /home/simonli/ohos-sig-0505/device/allwinner/v3s/out/v3s/obj/kernel/liteos_a//lib/libbase.a(los_bitmap.o):(.text.LOS_BitmapFfz)
40009bf0 40009bf0        0     1                 $a.6
40009bf0 40009bf0       50     1                 LOS_BitmapFfz
40009c40 40009c40       10     4         /home/simonli/ohos-sig-0505/device/allwinner/v3s/out/v3s/obj/kernel/liteos_a//lib/libcortex-a7.a(los_exc.o):(.text.OsGetSystemStatus)
40009c40 40009c40        0     1                 $a.0
40009c40 40009c40       10     1                 OsGetSystemStatus
40009c4c 40009c4c        0     1                 $d.1
40009c50 40009c50       f4     4         /home/simonli/ohos-sig-0505/device/allwinner/v3s/out/v3s/obj/kernel/liteos_a//lib/libcortex-a7.a(los_exc.o):(.text.OsArmSharedPageFault)
40009c50 40009c50        0     1                 $a.2
40009c50 40009c50       f4     1                 OsArmSharedPageFault
40009d30 40009d30        0     1                 $d.3
40009d44 40009d44       c8     4         /home/simonli/ohos-sig-0505/device/allwinner/v3s/out/v3s/obj/kernel/liteos_a//lib/libcortex-a7.a(los_exc.o):(.text.OsDumpContextMem)
40009d44 40009d44        0     1                 $a.8
40009d44 40009d44       c8     1                 OsDumpContextMem
40009e00 40009e00        0     1                 $d.9
40009e0c 40009e0c      2a8     4         /home/simonli/ohos-sig-0505/device/allwinner/v3s/out/v3s/obj/kernel/liteos_a//lib/libcortex-a7.a(los_exc.o):(.text.BackTraceSub)
40009e0c 40009e0c        0     1                 $a.10
40009e0c 40009e0c      2a8     1                 BackTraceSub
4000a088 4000a088        0     1                 $d.11
4000a0b4 4000a0b4       d0     4         /home/simonli/ohos-sig-0505/device/allwinner/v3s/out/v3s/obj/kernel/liteos_a//lib/libcortex-a7.a(los_exc.o):(.text.IsValidFP)
4000a0b4 4000a0b4        0     1                 $a.12
4000a0b4 4000a0b4       d0     1                 IsValidFP
4000a178 4000a178        0     1                 $d.13
4000a184 4000a184       94     4         /home/simonli/ohos-sig-0505/device/allwinner/v3s/out/v3s/obj/kernel/liteos_a//lib/libcortex-a7.a(los_exc.o):(.text.OsGetTextRegionBase)
4000a184 4000a184        0     1                 $a.14
4000a184 4000a184       94     1                 OsGetTextRegionBase
4000a218 4000a218       24     4         /home/simonli/ohos-sig-0505/device/allwinner/v3s/out/v3s/obj/kernel/liteos_a//lib/libcortex-a7.a(los_exc.o):(.text.BackTrace)
4000a218 4000a218        0     1                 $a.15
4000a218 4000a218       24     1                 BackTrace
4000a238 4000a238        0     1                 $d.16
4000a23c 4000a23c       10     4         /home/simonli/ohos-sig-0505/device/allwinner/v3s/out/v3s/obj/kernel/liteos_a//lib/libcortex-a7.a(los_exc.o):(.text.OsExcInit)
4000a23c 4000a23c        0     1                 $a.17
4000a23c 4000a23c       10     1                 OsExcInit
4000a248 4000a248        0     1                 $d.18
4000a24c 4000a24c      454     4         /home/simonli/ohos-sig-0505/device/allwinner/v3s/out/v3s/obj/kernel/liteos_a//lib/libcortex-a7.a(los_exc.o):(.text.OsExcHook)
4000a24c 4000a24c        0     1                 $a.19
4000a24c 4000a24c      454     1                 OsExcHook
4000a644 4000a644        0     1                 $d.20
4000a6a0 4000a6a0       dc     4         /home/simonli/ohos-sig-0505/device/allwinner/v3s/out/v3s/obj/kernel/liteos_a//lib/libcortex-a7.a(los_exc.o):(.text.OsCallStackInfo)
4000a6a0 4000a6a0        0     1                 $a.21
4000a6a0 4000a6a0       dc     1                 OsCallStackInfo
4000a764 4000a764        0     1                 $d.22
[...]
4021ab40 7f2e07ac      c80     8         /home/simonli/ohos-sig-0505/device/allwinner/v3s/out/v3s/obj/kernel/liteos_a//lib/libdisk.a(disk.o):(.bss.g_sysPart)
4021ab40 7f2e07ac      c80     1                 g_sysPart
4021b7c0 7f2e142c        8     4         /home/simonli/ohos-sig-0505/device/allwinner/v3s/out/v3s/obj/kernel/liteos_a//lib/libbase.a(los_stackinfo.o):(.bss..L_MergedGlobals)
4021b7c0 7f2e142c        4     1                 g_stackInfo
4021b7c4 7f2e1430        4     1                 g_stackNum
4021b7c8 7f2e1434        4     4         /home/simonli/ohos-sig-0505/device/allwinner/v3s/out/v3s/obj/kernel/liteos_a//lib/libbsp.a(los_config.o):(.bss.g_rebootHook)
4021b7c8 7f2e1434        4     1                 g_rebootHook
4021b7cc 7f2e1438       50     4         /home/simonli/ohos-sig-0505/device/allwinner/v3s/out/v3s/obj/kernel/liteos_a//lib/libbsp.a(los_hilog.o):(.bss.g_hiLogDev)
4021b7cc 7f2e1438       50     1                 g_hiLogDev
4021b81c 7f2e1488        4     4         /home/simonli/ohos-sig-0505/device/allwinner/v3s/out/v3s/obj/kernel/liteos_a//lib/libbase.a(oom.o):(.bss.g_oomCB)
4021b81c 7f2e1488        4     1                 g_oomCB
4021b820 7f2e148c       60     8         /home/simonli/ohos-sig-0505/device/allwinner/v3s/out/v3s/obj/kernel/liteos_a//lib/libcpup.a(los_cpup.o):(.bss.cpuHistoryTime)
4021b820 7f2e148c       60     1                 cpuHistoryTime
4021b880 7f2e14ec        8     8         /home/simonli/ohos-sig-0505/device/allwinner/v3s/out/v3s/obj/kernel/liteos_a//lib/libcpup.a(los_cpup.o):(.bss.cpupStartCycles)
4021b880 7f2e14ec        8     1                 cpupStartCycles
4021b888 7f2e14f4       20     8         /home/simonli/ohos-sig-0505/device/allwinner/v3s/out/v3s/obj/kernel/liteos_a//lib/libcpup.a(los_cpup.o):(.bss..L_MergedGlobals)
4021b888 7f2e14f4        1     1                 cpupMaxNum
4021b88a 7f2e14f6        1     1                 cpupInitFlg
4021b88c 7f2e14f8        2     1                 cpupHisPos
4021b88e 7f2e14fa        2     1                 cpupSwtmrID
4021b890 7f2e14fc        4     1                 g_irqCpup
4021b894 7f2e1500        4     1                 runningTasks.0
4021b898 7f2e1504        8     1                 timeInIrqSwitch
4021b8a0 7f2e150c        8     1                 cpupIntTimeStart.0
4021b8a8 7f2e1514      c80     4         /home/simonli/ohos-sig-0505/device/allwinner/v3s/out/v3s/obj/kernel/liteos_a//lib/libbase.a(los_futex.o):(.bss.g_futexHash)
4021b8a8 7f2e1514      c80     1                 g_futexHash
4021c528 7f2e2194       40     8         /home/simonli/ohos-sig-0505/device/allwinner/v3s/out/v3s/obj/kernel/liteos_a//lib/libbsp.a(virtual_serial.o):(.bss..L_MergedGlobals)
4021c528 7f2e2194        4     1                 g_serialType
4021c530 7f2e219c       38     1                 g_serialFilep
4021c568 7f2e21d4        4     4         /home/simonli/ohos-sig-0505/device/allwinner/v3s/out/v3s/obj/kernel/liteos_a//lib/liblinuxkpi.a(linux_workqueue.o):(.bss.g_pstSystemWq)
4021c568 7f2e21d4        4     1                 g_pstSystemWq
4021c56c 7f2e21d8        1     1         /home/simonli/ohos-sig-0505/device/allwinner/v3s/out/v3s/obj/kernel/liteos_a//lib/libvfs.a(fs_init.o):(.bss.los_vfs_init.g_vfs_init)
4021c56c 7f2e21d8        1     1                 los_vfs_init.g_vfs_init
4021c570 7f2e21dc      400     4         /home/simonli/ohos-sig-0505/device/allwinner/v3s/out/v3s/obj/kernel/liteos_a//lib/libvfs.a(vnode_hash.o):(.bss.g_vnodeHashEntrys)
4021c570 7f2e21dc      400     1                 g_vnodeHashEntrys
4021c970 7f2e25dc       20     4         /home/simonli/ohos-sig-0505/device/allwinner/v3s/out/v3s/obj/kernel/liteos_a//lib/libvfs.a(vnode_hash.o):(.bss.g_vnodeHashMux)
4021c970 7f2e25dc       20     1                 g_vnodeHashMux
4021c990 7f2e25fc        c     4         /home/simonli/ohos-sig-0505/device/allwinner/v3s/out/v3s/obj/kernel/liteos_a//lib/libpipes.a(pipe.o):(.bss..L_MergedGlobals)
4021c990 7f2e25fc        4     1                 g_pipesem
4021c994 7f2e2600        4     1                 g_pipecreated
4021c998 7f2e2604        4     1                 g_pipeset
4021c99c 7f2e2608       1c     4         /home/simonli/ohos-sig-0505/device/allwinner/v3s/out/v3s/obj/kernel/liteos_a//lib/libbase.a(task_shellcmd.o):(.bss..L_MergedGlobals)
4021c99c 7f2e2608        4     1                 taskWaterLine
4021c9a0 7f2e260c        4     1                 processCpupAll
4021c9a4 7f2e2610        4     1                 taskCpupAll
4021c9a8 7f2e2614        4     1                 processCpup10s
4021c9ac 7f2e2618        4     1                 taskCpup10s
4021c9b0 7f2e261c        4     1                 processCpup1s
4021c9b4 7f2e2620        4     1                 taskCpup1s
4021c9b8 7f2e2624      200     4         /home/simonli/ohos-sig-0505/device/allwinner/v3s/out/v3s/obj/kernel/liteos_a//lib/libbase.a(los_memstat.o):(.bss.g_tskMemUsedInfo)
4021c9b8 7f2e2624      200     1                 g_tskMemUsedInfo
4021cbb8 7f2e2824       20     4         /home/simonli/ohos-sig-0505/device/allwinner/v3s/out/v3s/obj/kernel/liteos_a//lib/libcortex-a7.a(los_asid.o):(.bss.g_asidPool)
4021cbb8 7f2e2824       20     1                 g_asidPool
4021cbd8 7f2e2844        1     1         /home/simonli/ohos-sig-0505/device/allwinner/v3s/out/v3s/obj/kernel/liteos_a//lib/libhdf.a(osal_cdev.o):(.bss.OsalRegisterCdev.devPathInitted)
4021cbd8 7f2e2844        1     1                 OsalRegisterCdev.devPathInitted
4021cbdc 7f2e2848        4     4         /home/simonli/ohos-sig-0505/device/allwinner/v3s/out/v3s/obj/kernel/liteos_a//lib/libhdf.a(devmgr_service_clnt.o):(.bss.DevmgrServiceClntGetInstance.instance)
4021cbdc 7f2e2848        4     1                 DevmgrServiceClntGetInstance.instance
4021cbe0 7f2e284c        8     4         /home/simonli/ohos-sig-0505/device/allwinner/v3s/out/v3s/obj/kernel/liteos_a//lib/libhdf.a(devsvc_manager_clnt.o):(.bss..L_MergedGlobals)
4021cbe0 7f2e284c        4     1                 DevSvcManagerClntGetInstance.instance
4021cbe4 7f2e2850        4     1                 DevSvcManagerClntGetInstance.singletonInstance
4021cbe8 7f2e2854        4     4         /home/simonli/ohos-sig-0505/device/allwinner/v3s/out/v3s/obj/kernel/liteos_a//lib/libhdf.a(hdf_driver_loader.o):(.bss.HdfDriverLoaderGetInstance.instance)
4021cbe8 7f2e2854        4     1                 HdfDriverLoaderGetInstance.instance
4021cbec 7f2e2858       14     4         /home/simonli/ohos-sig-0505/device/allwinner/v3s/out/v3s/obj/kernel/liteos_a//lib/libhdf.a(hdf_driver_loader.o):(.bss..L_MergedGlobals)
4021cbec 7f2e2858        1     1                 HdfDriverLoaderCreate.isDriverLoaderInit
4021cbf0 7f2e285c       10     1                 HdfDriverLoaderCreate.driverLoader
4021cc00 7f2e286c        4     4         /home/simonli/ohos-sig-0505/device/allwinner/v3s/out/v3s/obj/kernel/liteos_a//lib/libhdf.a(devmgr_service.o):(.bss.DevmgrServiceGetInstance.instance)
4021cc00 7f2e286c        4     1                 DevmgrServiceGetInstance.instance
4021cc04 7f2e2870       34     4         /home/simonli/ohos-sig-0505/device/allwinner/v3s/out/v3s/obj/kernel/liteos_a//lib/libhdf.a(devmgr_service.o):(.bss..L_MergedGlobals)
4021cc04 7f2e2870        1     1                 DevmgrServiceCreate.isDevMgrServiceInit
4021cc08 7f2e2874       30     1                 DevmgrServiceCreate.devmgrServiceInstance
4021cc38 7f2e28a4       30     4         /home/simonli/ohos-sig-0505/device/allwinner/v3s/out/v3s/obj/kernel/liteos_a//lib/libhdf.a(devsvc_manager.o):(.bss..L_MergedGlobals)
4021cc38 7f2e28a4        1     1                 DevSvcManagerCreate.isDevSvcManagerInit
4021cc3c 7f2e28a8       2c     1                 DevSvcManagerCreate.devSvcManagerInstance
4021cc68 7f2e28d4        4     4         /home/simonli/ohos-sig-0505/device/allwinner/v3s/out/v3s/obj/kernel/liteos_a//lib/libhdf.a(hdf_driver_installer.o):(.bss.DriverInstallerGetInstance.installer)
4021cc68 7f2e28d4        4     1                 DriverInstallerGetInstance.installer
4021cc6c 7f2e28d8        c     4         /home/simonli/ohos-sig-0505/device/allwinner/v3s/out/v3s/obj/kernel/liteos_a//lib/libhdf.a(hdf_driver_installer.o):(.bss..L_MergedGlobals)
4021cc6c 7f2e28d8        1     1                 DriverInstallerCreate.isDriverInstInit
4021cc70 7f2e28dc        8     1                 DriverInstallerCreate.driverInstaller
4021cc78 7f2e28e4       24     4         /home/simonli/ohos-sig-0505/device/allwinner/v3s/out/v3s/obj/kernel/liteos_a//lib/libhdf.a(power_state_manager.o):(.bss..L_MergedGlobals)
4021cc78 7f2e28e4        8     1                 PowerStateManagerConstruct.wakeLockRefListener
4021cc80 7f2e28ec       1c     1                 PowerStateManagerGetInstance.powerStateManager
4021cc9c 7f2e2908        4     4         /home/simonli/ohos-sig-0505/device/allwinner/v3s/out/v3s/obj/kernel/liteos_a//lib/libhdf.a(hdf_attribute.o):(.bss.g_hcsTreeRoot)
4021cc9c 7f2e2908        4     1                 g_hcsTreeRoot
4021cca0 7f2e290c        8     4         /home/simonli/ohos-sig-0505/device/allwinner/v3s/out/v3s/obj/kernel/liteos_a//lib/libhdf.a(load_driver_entry.o):(.bss..L_MergedGlobals)
4021cca0 7f2e290c        1     1                 HdfDriverLoaderGetDriverEntry.driverCount
4021cca4 7f2e2910        4     1                 HdfDriverLoaderGetDriverEntry.driverEntry
4021cca8 7f2e2914        4     4         /home/simonli/ohos-sig-0505/device/allwinner/v3s/out/v3s/obj/kernel/liteos_a//lib/libhdf.a(devmgr_service_start.o):(.bss.g_isQuickLoad)
4021cca8 7f2e2914        4     1                 g_isQuickLoad
4021ccac 7f2e2918        1     1         /home/simonli/ohos-sig-0505/device/allwinner/v3s/out/v3s/obj/kernel/liteos_a//lib/libhdf.a(hcs_blob_if.o):(.bss.g_byteAlign)
4021ccac 7f2e2918        1     1                 g_byteAlign
4021ccb0 7f2e291c       54     4         /home/simonli/ohos-sig-0505/device/allwinner/v3s/out/v3s/obj/kernel/liteos_a//lib/libhdf.a(device_resource_if.o):(.bss..L_MergedGlobals)
4021ccb0 7f2e291c        4     1                 DeviceResourceGetIfaceInstance.instance
4021ccb4 7f2e2920       50     1                 DeviceResourceGetIfaceInstance.singletonInstance
4021cd04 7f2e2970       50     4         /home/simonli/ohos-sig-0505/device/allwinner/v3s/out/v3s/obj/kernel/liteos_a//lib/libhievent.a(hievent_driver.o):(.bss.g_hieventDev)
4021cd04 7f2e2970       50     1                 g_hieventDev
4021cd54 7f2e29c0     2008     1         /home/simonli/ohos-sig-0505/device/allwinner/v3s/out/v3s/obj/kernel/liteos_a//lib/libc.a(stdout.o):(.bss.buf)
4021cd54 7f2e29c0     2008     1                 buf
4021ed5c 7f2e49c8        1     4         /home/simonli/ohos-sig-0505/device/allwinner/v3s/out/v3s/obj/kernel/liteos_a//lib/libshell.a(show.o):(.bss.g_shellSourceFlag)
4021ed5c 7f2e49c8        1     1                 g_shellSourceFlag
4021ed60 7f2e49cc       38     4         /home/simonli/ohos-sig-0505/device/allwinner/v3s/out/v3s/obj/kernel/liteos_a//lib/libshell.a(shcmd.o):(.bss.g_cmdInfo)
4021ed60 7f2e49cc       38     1                 g_cmdInfo
4021ed98 7f2e4a04       14     4         /home/simonli/ohos-sig-0505/device/allwinner/v3s/out/v3s/obj/kernel/liteos_a//lib/libshell.a(shell_lk.o):(.bss..L_MergedGlobals)
4021ed98 7f2e4a04        4     1                 g_tracelevel
4021ed9c 7f2e4a08        4     1                 g_modulelevel
4021eda0 7f2e4a0c        c     1                 g_logger
4021edac 7f2e4a18       14     4         /home/simonli/ohos-sig-0505/device/allwinner/v3s/out/v3s/obj/kernel/liteos_a//lib/libshell.a(dmesg.o):(.bss..L_MergedGlobals)
4021edac 7f2e4a18        1     1                 g_consoleLock
4021edb0 7f2e4a1c        1     1                 g_uartLock
4021edb4 7f2e4a20        4     1                 g_mallocAddr
4021edb8 7f2e4a24        4     1                 g_dmesgInfo
4021edbc 7f2e4a28        4     1                 g_logBufSize
4021edc0 7f2e4a2c      828     4         /home/simonli/ohos-sig-0505/device/allwinner/v3s/out/v3s/obj/kernel/liteos_a//lib/libsyscall.a(los_syscall.o):(.bss.g_syscallHandle)
4021edc0 7f2e4a2c      828     1                 g_syscallHandle
4021f5e8 7f2e5254      105     1         /home/simonli/ohos-sig-0505/device/allwinner/v3s/out/v3s/obj/kernel/liteos_a//lib/libsyscall.a(los_syscall.o):(.bss.g_syscallNArgs)
4021f5e8 7f2e5254      105     1                 g_syscallNArgs
4021f6ed 7f2e5359        c     1         /home/simonli/ohos-sig-0505/device/allwinner/v3s/out/v3s/obj/kernel/liteos_a//lib/libfat.a(format.o):(.bss.FatLabel)
4021f6ed 7f2e5359        c     1                 FatLabel
4021f6fc 7f2e5368       38     4         /home/simonli/ohos-sig-0505/device/allwinner/v3s/out/v3s/obj/kernel/liteos_a//lib/libc.a(__tz.o):(.bss..L_MergedGlobals)
4021f6fc 7f2e5368        4     1                 __timezone
4021f6fc 7f2e5368        4     1                 timezone
4021f700 7f2e536c        4     1                 __daylight
4021f700 7f2e536c        4     1                 daylight
4021f704 7f2e5370        8     1                 __tzname
4021f704 7f2e5370        8     1                 tzname
4021f70c 7f2e5378       14     1                 r0
4021f720 7f2e538c       14     1                 r1
4021f734 7f2e53a0      400     4         /home/simonli/ohos-sig-0505/device/allwinner/v3s/out/v3s/obj/kernel/liteos_a//lib/libbsp.a(hwi_shell.o):(.bss.hwiCpupAll)
4021f734 7f2e53a0      400     1                 hwiCpupAll
4021fb34 7f2e57a0      400     4         /home/simonli/ohos-sig-0505/device/allwinner/v3s/out/v3s/obj/kernel/liteos_a//lib/libbsp.a(hwi_shell.o):(.bss.hwiCpup10s)
4021fb34 7f2e57a0      400     1                 hwiCpup10s
4021ff34 7f2e5ba0      400     4         /home/simonli/ohos-sig-0505/device/allwinner/v3s/out/v3s/obj/kernel/liteos_a//lib/libbsp.a(hwi_shell.o):(.bss.hwiCpup1s)
4021ff34 7f2e5ba0      400     1                 hwiCpup1s
40220334 7f2e5fa0       1a     1         /home/simonli/ohos-sig-0505/device/allwinner/v3s/out/v3s/obj/kernel/liteos_a//lib/libc.a(asctime.o):(.bss.asctime.buf)
40220334 7f2e5fa0       1a     1                 asctime.buf
40220350 7f2e5fbc       2c     4         /home/simonli/ohos-sig-0505/device/allwinner/v3s/out/v3s/obj/kernel/liteos_a//lib/libc.a(localtime.o):(.bss.localtime.tm)
40220350 7f2e5fbc       2c     1                 localtime.tm
4022037c 7f2e5fe8        4     4         /home/simonli/ohos-sig-0505/device/allwinner/v3s/out/v3s/obj/kernel/liteos_a//lib/libshell.a(watch_shell.o):(.bss.g_watchCmd)
4022037c 7f2e5fe8        4     1                 g_watchCmd
40220380 7f2e5fec        4     4         /home/simonli/ohos-sig-0505/device/allwinner/v3s/out/v3s/obj/kernel/liteos_a//lib/libtelnet.a(telnet_loop.o):(.bss.g_telnetTaskId)
40220380 7f2e5fec        4     1                 g_telnetTaskId
40220384 7f2e5ff0        4     4         /home/simonli/ohos-sig-0505/device/allwinner/v3s/out/v3s/obj/kernel/liteos_a//lib/libtelnet.a(telnet_loop.o):(.bss.g_telnetMask)
40220384 7f2e5ff0        4     1                 g_telnetMask
40220388 7f2e5ff4     2000     1         /home/simonli/ohos-sig-0505/device/allwinner/v3s/out/v3s/obj/kernel/liteos_a//lib/libtelnet.a(telnet_loop.o):(.bss.ReadFilter.buf)
40220388 7f2e5ff4     2000     1                 ReadFilter.buf
40222388 7f2e7ff4       34     4         /home/simonli/ohos-sig-0505/device/allwinner/v3s/out/v3s/obj/kernel/liteos_a//lib/libtelnet.a(telnet_dev.o):(.bss.g_telnetDev)
40222388 7f2e7ff4       34     1                 g_telnetDev
402223bc 7f2e8028        8     4         /home/simonli/ohos-sig-0505/device/allwinner/v3s/out/v3s/obj/kernel/liteos_a//lib/libtelnet.a(telnet_dev.o):(.bss..L_MergedGlobals)
402223bc 7f2e8028        4     1                 g_event
402223c0 7f2e802c        4     1                 g_currentVnode
402223c4 7f2e8030     2a54     4         /home/simonli/ohos-sig-0505/device/allwinner/v3s/out/v3s/obj/kernel/liteos_a//lib/libposix.a(pthread.o):(.bss.g_pthreadData)
402223c4 7f2e8030     2a54     1                 g_pthreadData
40224e18 7f2eaa84        8     4         /home/simonli/ohos-sig-0505/device/allwinner/v3s/out/v3s/obj/kernel/liteos_a//lib/libposix.a(pthread.o):(.bss..L_MergedGlobals)
40224e18 7f2eaa84        4     1                 g_pthreadsExited
40224e1c 7f2eaa88        4     1                 g_pthreadCanceledDummyVar
40224e20 7f2eaa8c       10     4         /home/simonli/ohos-sig-0505/device/allwinner/v3s/out/v3s/obj/kernel/liteos_a//lib/libmulti_partition.a(mtd_partition.o):(.bss..L_MergedGlobals)
40224e20 7f2eaa8c        4     1                 g_nandPartParam
40224e24 7f2eaa90        4     1                 g_spinorPartParam
40224e28 7f2eaa94        4     1                 g_spinorPartitionHead
40224e2c 7f2eaa98        4     1                 g_nandPartitionHead
40224e30 7f2eaa9c        1     1         /home/simonli/ohos-sig-0505/device/allwinner/v3s/out/v3s/obj/kernel/liteos_a//lib/libproc.a(proc_file.o):(.bss.procfsInit)
40224e30 7f2eaa9c        1     1                 procfsInit
40224e38 7f2eaaa4      128     8         /home/simonli/ohos-sig-0505/device/allwinner/v3s/out/v3s/obj/kernel/liteos_a//lib/libproc.a(proc_file.o):(.bss.g_procPf)
40224e38 7f2eaaa4      128     1                 g_procPf
40224f60 7f2eabcc        4     4         /home/simonli/ohos-sig-0505/device/allwinner/v3s/out/v3s/obj/kernel/liteos_a//lib/libbsp_config.a(reset_shell.o):(.bss.g_hook_func_node)
40224f60 7f2eabcc        4     1                 g_hook_func_node
40224f64 7f2eabd0       28     4         /home/simonli/ohos-sig-0505/device/allwinner/v3s/out/v3s/obj/kernel/liteos_a//lib/libramfs.a(fs_tmpfs.o):(.bss..L_MergedGlobals)
40224f64 7f2eabd0        1     1                 is_tmpfs_lock_init
40224f68 7f2eabd4        4     1                 g_tmpfs_alloc_unit
40224f6c 7f2eabd8       20     1                 tmpfs_superblock
40224f8c 7f2eabf8        4     4         /home/simonli/ohos-sig-0505/device/allwinner/v3s/out/v3s/obj/kernel/liteos_a//lib/libnfs.a(nfs_adapter.o):(.bss.g_NFSMOUNT_HOOK)
40224f8c 7f2eabf8        4     1                 g_NFSMOUNT_HOOK
40224f90 7f2eabfc        c     4         /home/simonli/ohos-sig-0505/device/allwinner/v3s/out/v3s/obj/kernel/liteos_a//lib/libnfs.a(nfs_adapter.o):(.bss..L_MergedGlobals)
40224f90 7f2eabfc        4     1                 nfs_true
40224f94 7f2eac00        4     1                 nfs_false
40224f98 7f2eac04        4     1                 nfs_xdrneg1
40224f9c 7f2eac08       24     4         /home/simonli/ohos-sig-0505/device/allwinner/v3s/out/v3s/obj/kernel/liteos_a//lib/libnfs.a(rpc_clnt.o):(.bss..L_MergedGlobals)
40224f9c 7f2eac08        1     1                 rpcclnt_newxid.rpcclnt_xid_touched
40224fa0 7f2eac0c        4     1                 rpc_reply
40224fa4 7f2eac10        4     1                 rpc_vers
40224fa8 7f2eac14        4     1                 rpc_call
40224fac 7f2eac18        4     1                 rpc_auth_unix
40224fb0 7f2eac1c        4     1                 rpc_auth_null
40224fb4 7f2eac20        4     1                 nfs_uid
40224fb8 7f2eac24        4     1                 nfs_gid
40224fbc 7f2eac28        4     1                 rpcclnt_newxid.rpcclnt_xid
40224fc0 7f2eac2c        0     1         . = ALIGN ( 0x8 )
40224fc0 7f2eac2c        0     1         __bss_end = .
40224fc0 7f2eac2c       40     1 . = ALIGN ( 0x1000 )
40225000 7f2eac6c        0     1 _end = .
40225000 7f2eac6c     3000     1 . = ALIGN ( 0x4000 )
40228000 7f2edc6c        0     1 __mmu_ttlb_begin = .
       0        0       4b     1 .ARM.attributes
       0        0       4b     1         /home/simonli/ohos-sig-0505/device/allwinner/v3s/out/v3s/obj/kernel/liteos_a//lib/libuserinit.O:(.ARM.attributes)
       0        0    1dd70     4 .symtab
       0        0    1dd70     4         <internal>:(.symtab)
       0        0       e7     1 .shstrtab
       0        0       e7     1         <internal>:(.shstrtab)
       0        0     d7e9     1 .strtab
       0        0     d7e9     1         <internal>:(.strtab)
